Sky Combat Simulator - Secure Code Point Demo
TRACE:WORLD_INIT_START:000102030405060708090a0b0c0d0e0f101112131415161718191a1b1c1d1e1f
TRACE:WORLD_CHUNK_LOADED:000102030405060708090a0b0c0d0e0f101112131415161718191a1b1c1d1e1f
TRACE:WORLD_CHUNK_LOADED:000102030405060708090a0b0c0d0e0f101112131415161718191a1b1c1d1e1f
TRACE:WORLD_CHUNK_LOADED:000102030405060708090a0b0c0d0e0f101112131415161718191a1b1c1d1e1f
TRACE:WORLD_CHUNK_LOADED:000102030405060708090a0b0c0d0e0f101112131415161718191a1b1c1d1e1f
TRACE:WORLD_CHUNK_LOADED:000102030405060708090a0b0c0d0e0f101112131415161718191a1b1c1d1e1f
TRACE:WORLD_CHUNK_LOADED:000102030405060708090a0b0c0d0e0f101112131415161718191a1b1c1d1e1f
TRACE:WORLD_CHUNK_LOADED:000102030405060708090a0b0c0d0e0f101112131415161718191a1b1c1d1e1f
TRACE:WORLD_CHUNK_LOADED:000102030405060708090a0b0c0d0e0f101112131415161718191a1b1c1d1e1f
TRACE:WORLD_CHUNK_LOADED:000102030405060708090a0b0c0d0e0f101112131415161718191a1b1c1d1e1f
TRACE:WORLD_CHUNK_LOADED:000102030405060708090a0b0c0d0e0f101112131415161718191a1b1c1d1e1f
TRACE:WORLD_CHUNK_LOADED:000102030405060708090a0b0c0d0e0f101112131415161718191a1b1c1d1e1f
TRACE:WORLD_CHUNK_LOADED:000102030405060708090a0b0c0d0e0f101112131415161718191a1b1c1d1e1f
TRACE:WORLD_CHUNK_LOADED:000102030405060708090a0b0c0d0e0f101112131415161718191a1b1c1d1e1f
TRACE:WORLD_CHUNK_LOADED:000102030405060708090a0b0c0d0e0f101112131415161718191a1b1c1d1e1f
TRACE:WORLD_CHUNK_LOADED:000102030405060708090a0b0c0d0e0f101112131415161718191a1b1c1d1e1f
TRACE:WORLD_CHUNK_LOADED:000102030405060708090a0b0c0d0e0f101112131415161718191a1b1c1d1e1f
TRACE:WORLD_CHUNK_LOADED:000102030405060708090a0b0c0d0e0f101112131415161718191a1b1c1d1e1f
TRACE:WORLD_CHUNK_LOADED:000102030405060708090a0b0c0d0e0f101112131415161718191a1b1c1d1e1f
TRACE:WORLD_CHUNK_LOADED:000102030405060708090a0b0c0d0e0f101112131415161718191a1b1c1d1e1f
TRACE:WORLD_CHUNK_LOADED:000102030405060708090a0b0c0d0e0f101112131415161718191a1b1c1d1e1f
TRACE:WORLD_CHUNK_LOADED:000102030405060708090a0b0c0d0e0f101112131415161718191a1b1c1d1e1f
TRACE:WORLD_CHUNK_LOADED:000102030405060708090a0b0c0d0e0f101112131415161718191a1b1c1d1e1f
TRACE:WORLD_CHUNK_LOADED:000102030405060708090a0b0c0d0e0f101112131415161718191a1b1c1d1e1f
TRACE:WORLD_CHUNK_LOADED:000102030405060708090a0b0c0d0e0f101112131415161718191a1b1c1d1e1f
TRACE:WORLD_CHUNK_LOADED:000102030405060708090a0b0c0d0e0f101112131415161718191a1b1c1d1e1f
TRACE:WORLD_CHUNK_LOADED:000102030405060708090a0b0c0d0e0f101112131415161718191a1b1c1d1e1f
TRACE:WORLD_CHUNK_LOADED:000102030405060708090a0b0c0d0e0f101112131415161718191a1b1c1d1e1f
TRACE:WORLD_CHUNK_LOADED:000102030405060708090a0b0c0d0e0f101112131415161718191a1b1c1d1e1f
TRACE:WORLD_CHUNK_LOADED:000102030405060708090a0b0c0d0e0f101112131415161718191a1b1c1d1e1f
TRACE:WORLD_CHUNK_LOADED:000102030405060708090a0b0c0d0e0f101112131415161718191a1b1c1d1e1f
TRACE:WORLD_CHUNK_LOADED:000102030405060708090a0b0c0d0e0f101112131415161718191a1b1c1d1e1f
TRACE:WORLD_CHUNK_LOADED:000102030405060708090a0b0c0d0e0f101112131415161718191a1b1c1d1e1f
TRACE:WORLD_CHUNK_LOADED:000102030405060708090a0b0c0d0e0f101112131415161718191a1b1c1d1e1f
TRACE:WORLD_CHUNK_LOADED:000102030405060708090a0b0c0d0e0f101112131415161718191a1b1c1d1e1f
TRACE:WORLD_CHUNK_LOADED:000102030405060708090a0b0c0d0e0f101112131415161718191a1b1c1d1e1f
TRACE:WORLD_CHUNK_LOADED:000102030405060708090a0b0c0d0e0f101112131415161718191a1b1c1d1e1f
TRACE:WORLD_CHUNK_LOADED:000102030405060708090a0b0c0d0e0f101112131415161718191a1b1c1d1e1f
TRACE:WORLD_CHUNK_LOADED:000102030405060708090a0b0c0d0e0f101112131415161718191a1b1c1d1e1f
TRACE:WORLD_CHUNK_LOADED:000102030405060708090a0b0c0d0e0f101112131415161718191a1b1c1d1e1f
TRACE:WORLD_CHUNK_LOADED:000102030405060708090a0b0c0d0e0f101112131415161718191a1b1c1d1e1f
TRACE:WORLD_CHUNK_LOADED:000102030405060708090a0b0c0d0e0f101112131415161718191a1b1c1d1e1f
TRACE:WORLD_CHUNK_LOADED:000102030405060708090a0b0c0d0e0f101112131415161718191a1b1c1d1e1f
TRACE:WORLD_CHUNK_LOADED:000102030405060708090a0b0c0d0e0f101112131415161718191a1b1c1d1e1f
TRACE:WORLD_CHUNK_LOADED:000102030405060708090a0b0c0d0e0f101112131415161718191a1b1c1d1e1f
TRACE:WORLD_CHUNK_LOADED:000102030405060708090a0b0c0d0e0f101112131415161718191a1b1c1d1e1f
TRACE:WORLD_CHUNK_LOADED:000102030405060708090a0b0c0d0e0f101112131415161718191a1b1c1d1e1f
TRACE:WORLD_CHUNK_LOADED:000102030405060708090a0b0c0d0e0f101112131415161718191a1b1c1d1e1f
TRACE:WORLD_CHUNK_LOADED:000102030405060708090a0b0c0d0e0f101112131415161718191a1b1c1d1e1f
TRACE:WORLD_CHUNK_LOADED:000102030405060708090a0b0c0d0e0f101112131415161718191a1b1c1d1e1f
TRACE:WORLD_CHUNK_LOADED:000102030405060708090a0b0c0d0e0f101112131415161718191a1b1c1d1e1f
TRACE:WORLD_CHUNK_LOADED:000102030405060708090a0b0c0d0e0f101112131415161718191a1b1c1d1e1f
TRACE:WORLD_CHUNK_LOADED:000102030405060708090a0b0c0d0e0f101112131415161718191a1b1c1d1e1f
TRACE:WORLD_CHUNK_LOADED:000102030405060708090a0b0c0d0e0f101112131415161718191a1b1c1d1e1f
TRACE:WORLD_CHUNK_LOADED:000102030405060708090a0b0c0d0e0f101112131415161718191a1b1c1d1e1f
TRACE:WORLD_CHUNK_LOADED:000102030405060708090a0b0c0d0e0f101112131415161718191a1b1c1d1e1f
TRACE:WORLD_CHUNK_LOADED:000102030405060708090a0b0c0d0e0f101112131415161718191a1b1c1d1e1f
TRACE:WORLD_CHUNK_LOADED:000102030405060708090a0b0c0d0e0f101112131415161718191a1b1c1d1e1f
TRACE:WORLD_CHUNK_LOADED:000102030405060708090a0b0c0d0e0f101112131415161718191a1b1c1d1e1f
TRACE:WORLD_CHUNK_LOADED:000102030405060708090a0b0c0d0e0f101112131415161718191a1b1c1d1e1f
TRACE:WORLD_CHUNK_LOADED:000102030405060708090a0b0c0d0e0f101112131415161718191a1b1c1d1e1f
TRACE:WORLD_CHUNK_LOADED:000102030405060708090a0b0c0d0e0f101112131415161718191a1b1c1d1e1f
TRACE:WORLD_CHUNK_LOADED:000102030405060708090a0b0c0d0e0f101112131415161718191a1b1c1d1e1f
TRACE:WORLD_CHUNK_LOADED:000102030405060708090a0b0c0d0e0f101112131415161718191a1b1c1d1e1f
TRACE:WORLD_CHUNK_LOADED:000102030405060708090a0b0c0d0e0f101112131415161718191a1b1c1d1e1f
TRACE:WORLD_CHUNK_LOADED:000102030405060708090a0b0c0d0e0f101112131415161718191a1b1c1d1e1f
TRACE:WORLD_CHUNK_LOADED:000102030405060708090a0b0c0d0e0f101112131415161718191a1b1c1d1e1f
TRACE:WORLD_CHUNK_LOADED:000102030405060708090a0b0c0d0e0f101112131415161718191a1b1c1d1e1f
TRACE:WORLD_CHUNK_LOADED:000102030405060708090a0b0c0d0e0f101112131415161718191a1b1c1d1e1f
TRACE:WORLD_CHUNK_LOADED:000102030405060708090a0b0c0d0e0f101112131415161718191a1b1c1d1e1f
TRACE:WORLD_CHUNK_LOADED:000102030405060708090a0b0c0d0e0f101112131415161718191a1b1c1d1e1f
TRACE:WORLD_CHUNK_LOADED:000102030405060708090a0b0c0d0e0f101112131415161718191a1b1c1d1e1f
TRACE:WORLD_CHUNK_LOADED:000102030405060708090a0b0c0d0e0f101112131415161718191a1b1c1d1e1f
TRACE:WORLD_CHUNK_LOADED:000102030405060708090a0b0c0d0e0f101112131415161718191a1b1c1d1e1f
TRACE:WORLD_CHUNK_LOADED:000102030405060708090a0b0c0d0e0f101112131415161718191a1b1c1d1e1f
TRACE:WORLD_CHUNK_LOADED:000102030405060708090a0b0c0d0e0f101112131415161718191a1b1c1d1e1f
TRACE:WORLD_CHUNK_LOADED:000102030405060708090a0b0c0d0e0f101112131415161718191a1b1c1d1e1f
TRACE:WORLD_CHUNK_LOADED:000102030405060708090a0b0c0d0e0f101112131415161718191a1b1c1d1e1f
TRACE:WORLD_CHUNK_LOADED:000102030405060708090a0b0c0d0e0f101112131415161718191a1b1c1d1e1f
TRACE:WORLD_CHUNK_LOADED:000102030405060708090a0b0c0d0e0f101112131415161718191a1b1c1d1e1f
TRACE:WORLD_CHUNK_LOADED:000102030405060708090a0b0c0d0e0f101112131415161718191a1b1c1d1e1f
TRACE:WORLD_CHUNK_LOADED:000102030405060708090a0b0c0d0e0f101112131415161718191a1b1c1d1e1f
TRACE:WORLD_CHUNK_LOADED:000102030405060708090a0b0c0d0e0f101112131415161718191a1b1c1d1e1f
TRACE:WORLD_CHUNK_LOADED:000102030405060708090a0b0c0d0e0f101112131415161718191a1b1c1d1e1f
TRACE:WORLD_CHUNK_LOADED:000102030405060708090a0b0c0d0e0f101112131415161718191a1b1c1d1e1f
TRACE:WORLD_CHUNK_LOADED:000102030405060708090a0b0c0d0e0f101112131415161718191a1b1c1d1e1f
TRACE:WORLD_CHUNK_LOADED:000102030405060708090a0b0c0d0e0f101112131415161718191a1b1c1d1e1f
TRACE:WORLD_CHUNK_LOADED:000102030405060708090a0b0c0d0e0f101112131415161718191a1b1c1d1e1f
TRACE:WORLD_CHUNK_LOADED:000102030405060708090a0b0c0d0e0f101112131415161718191a1b1c1d1e1f
TRACE:WORLD_CHUNK_LOADED:000102030405060708090a0b0c0d0e0f101112131415161718191a1b1c1d1e1f
TRACE:WORLD_CHUNK_LOADED:000102030405060708090a0b0c0d0e0f101112131415161718191a1b1c1d1e1f
TRACE:WORLD_CHUNK_LOADED:000102030405060708090a0b0c0d0e0f101112131415161718191a1b1c1d1e1f
TRACE:WORLD_CHUNK_LOADED:000102030405060708090a0b0c0d0e0f101112131415161718191a1b1c1d1e1f
TRACE:WORLD_CHUNK_LOADED:000102030405060708090a0b0c0d0e0f101112131415161718191a1b1c1d1e1f
TRACE:WORLD_CHUNK_LOADED:000102030405060708090a0b0c0d0e0f101112131415161718191a1b1c1d1e1f
TRACE:WORLD_CHUNK_LOADED:000102030405060708090a0b0c0d0e0f101112131415161718191a1b1c1d1e1f
TRACE:WORLD_CHUNK_LOADED:000102030405060708090a0b0c0d0e0f101112131415161718191a1b1c1d1e1f
TRACE:WORLD_CHUNK_LOADED:000102030405060708090a0b0c0d0e0f101112131415161718191a1b1c1d1e1f
TRACE:WORLD_CHUNK_LOADED:000102030405060708090a0b0c0d0e0f101112131415161718191a1b1c1d1e1f
TRACE:WORLD_CHUNK_LOADED:000102030405060708090a0b0c0d0e0f101112131415161718191a1b1c1d1e1f
TRACE:WORLD_CHUNK_LOADED:000102030405060708090a0b0c0d0e0f101112131415161718191a1b1c1d1e1f
TRACE:WORLD_SEAMLESS_READY:000102030405060708090a0b0c0d0e0f101112131415161718191a1b1c1d1e1f
TRACE:AI_SPAWN_CHARACTER:000102030405060708090a0b0c0d0e0f101112131415161718191a1b1c1d1e1f
TRACE:AI_ASSIGN_PERSONALITY:000102030405060708090a0b0c0d0e0f101112131415161718191a1b1c1d1e1f
TRACE:AI_BEGIN_ROUTINE:000102030405060708090a0b0c0d0e0f101112131415161718191a1b1c1d1e1f
TRACE:AI_SPAWN_CHARACTER:000102030405060708090a0b0c0d0e0f101112131415161718191a1b1c1d1e1f
TRACE:AI_ASSIGN_PERSONALITY:000102030405060708090a0b0c0d0e0f101112131415161718191a1b1c1d1e1f
TRACE:AI_BEGIN_ROUTINE:000102030405060708090a0b0c0d0e0f101112131415161718191a1b1c1d1e1f
TRACE:AI_SPAWN_CHARACTER:000102030405060708090a0b0c0d0e0f101112131415161718191a1b1c1d1e1f
TRACE:AI_ASSIGN_PERSONALITY:000102030405060708090a0b0c0d0e0f101112131415161718191a1b1c1d1e1f
TRACE:AI_BEGIN_ROUTINE:000102030405060708090a0b0c0d0e0f101112131415161718191a1b1c1d1e1f
TRACE:AI_SPAWN_CHARACTER:000102030405060708090a0b0c0d0e0f101112131415161718191a1b1c1d1e1f
TRACE:AI_ASSIGN_PERSONALITY:000102030405060708090a0b0c0d0e0f101112131415161718191a1b1c1d1e1f
TRACE:AI_BEGIN_ROUTINE:000102030405060708090a0b0c0d0e0f101112131415161718191a1b1c1d1e1f
TRACE:AI_SPAWN_CHARACTER:000102030405060708090a0b0c0d0e0f101112131415161718191a1b1c1d1e1f
TRACE:AI_ASSIGN_PERSONALITY:000102030405060708090a0b0c0d0e0f101112131415161718191a1b1c1d1e1f
TRACE:AI_BEGIN_ROUTINE:000102030405060708090a0b0c0d0e0f101112131415161718191a1b1c1d1e1f
TRACE:AI_SPAWN_CHARACTER:000102030405060708090a0b0c0d0e0f101112131415161718191a1b1c1d1e1f
TRACE:AI_ASSIGN_PERSONALITY:000102030405060708090a0b0c0d0e0f101112131415161718191a1b1c1d1e1f
TRACE:AI_BEGIN_ROUTINE:000102030405060708090a0b0c0d0e0f101112131415161718191a1b1c1d1e1f
TRACE:AI_SPAWN_CHARACTER:000102030405060708090a0b0c0d0e0f101112131415161718191a1b1c1d1e1f
TRACE:AI_ASSIGN_PERSONALITY:000102030405060708090a0b0c0d0e0f101112131415161718191a1b1c1d1e1f
TRACE:AI_BEGIN_ROUTINE:000102030405060708090a0b0c0d0e0f101112131415161718191a1b1c1d1e1f
TRACE:AI_SPAWN_CHARACTER:000102030405060708090a0b0c0d0e0f101112131415161718191a1b1c1d1e1f
TRACE:AI_ASSIGN_PERSONALITY:000102030405060708090a0b0c0d0e0f101112131415161718191a1b1c1d1e1f
TRACE:AI_BEGIN_ROUTINE:000102030405060708090a0b0c0d0e0f101112131415161718191a1b1c1d1e1f
TRACE:AI_SPAWN_CHARACTER:000102030405060708090a0b0c0d0e0f101112131415161718191a1b1c1d1e1f
TRACE:AI_ASSIGN_PERSONALITY:000102030405060708090a0b0c0d0e0f101112131415161718191a1b1c1d1e1f
TRACE:AI_BEGIN_ROUTINE:000102030405060708090a0b0c0d0e0f101112131415161718191a1b1c1d1e1f
TRACE:AI_SPAWN_CHARACTER:000102030405060708090a0b0c0d0e0f101112131415161718191a1b1c1d1e1f
TRACE:AI_ASSIGN_PERSONALITY:000102030405060708090a0b0c0d0e0f101112131415161718191a1b1c1d1e1f
TRACE:AI_BEGIN_ROUTINE:000102030405060708090a0b0c0d0e0f101112131415161718191a1b1c1d1e1f
TRACE:AI_SPAWN_CHARACTER:000102030405060708090a0b0c0d0e0f101112131415161718191a1b1c1d1e1f
TRACE:AI_ASSIGN_PERSONALITY:000102030405060708090a0b0c0d0e0f101112131415161718191a1b1c1d1e1f
TRACE:AI_BEGIN_ROUTINE:000102030405060708090a0b0c0d0e0f101112131415161718191a1b1c1d1e1f
TRACE:AI_SPAWN_CHARACTER:000102030405060708090a0b0c0d0e0f101112131415161718191a1b1c1d1e1f
TRACE:AI_ASSIGN_PERSONALITY:000102030405060708090a0b0c0d0e0f101112131415161718191a1b1c1d1e1f
TRACE:AI_BEGIN_ROUTINE:000102030405060708090a0b0c0d0e0f101112131415161718191a1b1c1d1e1f
TRACE:AI_SPAWN_CHARACTER:000102030405060708090a0b0c0d0e0f101112131415161718191a1b1c1d1e1f
TRACE:AI_ASSIGN_PERSONALITY:000102030405060708090a0b0c0d0e0f101112131415161718191a1b1c1d1e1f
TRACE:AI_BEGIN_ROUTINE:000102030405060708090a0b0c0d0e0f101112131415161718191a1b1c1d1e1f
TRACE:AI_SPAWN_CHARACTER:000102030405060708090a0b0c0d0e0f101112131415161718191a1b1c1d1e1f
TRACE:AI_ASSIGN_PERSONALITY:000102030405060708090a0b0c0d0e0f101112131415161718191a1b1c1d1e1f
TRACE:AI_BEGIN_ROUTINE:000102030405060708090a0b0c0d0e0f101112131415161718191a1b1c1d1e1f
TRACE:AI_SPAWN_CHARACTER:000102030405060708090a0b0c0d0e0f101112131415161718191a1b1c1d1e1f
TRACE:AI_ASSIGN_PERSONALITY:000102030405060708090a0b0c0d0e0f101112131415161718191a1b1c1d1e1f
TRACE:AI_BEGIN_ROUTINE:000102030405060708090a0b0c0d0e0f101112131415161718191a1b1c1d1e1f
TRACE:AI_SPAWN_CHARACTER:000102030405060708090a0b0c0d0e0f101112131415161718191a1b1c1d1e1f
TRACE:AI_ASSIGN_PERSONALITY:000102030405060708090a0b0c0d0e0f101112131415161718191a1b1c1d1e1f
TRACE:AI_BEGIN_ROUTINE:000102030405060708090a0b0c0d0e0f101112131415161718191a1b1c1d1e1f
TRACE:AI_SPAWN_CHARACTER:000102030405060708090a0b0c0d0e0f101112131415161718191a1b1c1d1e1f
TRACE:AI_ASSIGN_PERSONALITY:000102030405060708090a0b0c0d0e0f101112131415161718191a1b1c1d1e1f
TRACE:AI_BEGIN_ROUTINE:000102030405060708090a0b0c0d0e0f101112131415161718191a1b1c1d1e1f
TRACE:AI_SPAWN_CHARACTER:000102030405060708090a0b0c0d0e0f101112131415161718191a1b1c1d1e1f
TRACE:AI_ASSIGN_PERSONALITY:000102030405060708090a0b0c0d0e0f101112131415161718191a1b1c1d1e1f
TRACE:AI_BEGIN_ROUTINE:000102030405060708090a0b0c0d0e0f101112131415161718191a1b1c1d1e1f
TRACE:AI_SPAWN_CHARACTER:000102030405060708090a0b0c0d0e0f101112131415161718191a1b1c1d1e1f
TRACE:AI_ASSIGN_PERSONALITY:000102030405060708090a0b0c0d0e0f101112131415161718191a1b1c1d1e1f
TRACE:AI_BEGIN_ROUTINE:000102030405060708090a0b0c0d0e0f101112131415161718191a1b1c1d1e1f
TRACE:AI_SPAWN_CHARACTER:000102030405060708090a0b0c0d0e0f101112131415161718191a1b1c1d1e1f
TRACE:AI_ASSIGN_PERSONALITY:000102030405060708090a0b0c0d0e0f101112131415161718191a1b1c1d1e1f
TRACE:AI_BEGIN_ROUTINE:000102030405060708090a0b0c0d0e0f101112131415161718191a1b1c1d1e1f
TRACE:AI_SPAWN_CHARACTER:000102030405060708090a0b0c0d0e0f101112131415161718191a1b1c1d1e1f
TRACE:AI_ASSIGN_PERSONALITY:000102030405060708090a0b0c0d0e0f101112131415161718191a1b1c1d1e1f
TRACE:AI_BEGIN_ROUTINE:000102030405060708090a0b0c0d0e0f101112131415161718191a1b1c1d1e1f
TRACE:AI_SPAWN_CHARACTER:000102030405060708090a0b0c0d0e0f101112131415161718191a1b1c1d1e1f
TRACE:AI_ASSIGN_PERSONALITY:000102030405060708090a0b0c0d0e0f101112131415161718191a1b1c1d1e1f
TRACE:AI_BEGIN_ROUTINE:000102030405060708090a0b0c0d0e0f101112131415161718191a1b1c1d1e1f
TRACE:AI_SPAWN_CHARACTER:000102030405060708090a0b0c0d0e0f101112131415161718191a1b1c1d1e1f
TRACE:AI_ASSIGN_PERSONALITY:000102030405060708090a0b0c0d0e0f101112131415161718191a1b1c1d1e1f
TRACE:AI_BEGIN_ROUTINE:000102030405060708090a0b0c0d0e0f101112131415161718191a1b1c1d1e1f
TRACE:AI_SPAWN_CHARACTER:000102030405060708090a0b0c0d0e0f101112131415161718191a1b1c1d1e1f
TRACE:AI_ASSIGN_PERSONALITY:000102030405060708090a0b0c0d0e0f101112131415161718191a1b1c1d1e1f
TRACE:AI_BEGIN_ROUTINE:000102030405060708090a0b0c0d0e0f101112131415161718191a1b1c1d1e1f
TRACE:AI_SPAWN_CHARACTER:000102030405060708090a0b0c0d0e0f101112131415161718191a1b1c1d1e1f
TRACE:AI_ASSIGN_PERSONALITY:000102030405060708090a0b0c0d0e0f101112131415161718191a1b1c1d1e1f
TRACE:AI_BEGIN_ROUTINE:000102030405060708090a0b0c0d0e0f101112131415161718191a1b1c1d1e1f
TRACE:AI_SPAWN_CHARACTER:000102030405060708090a0b0c0d0e0f101112131415161718191a1b1c1d1e1f
TRACE:AI_ASSIGN_PERSONALITY:000102030405060708090a0b0c0d0e0f101112131415161718191a1b1c1d1e1f
TRACE:AI_BEGIN_ROUTINE:000102030405060708090a0b0c0d0e0f101112131415161718191a1b1c1d1e1f
TRACE:AI_SPAWN_CHARACTER:000102030405060708090a0b0c0d0e0f101112131415161718191a1b1c1d1e1f
TRACE:AI_ASSIGN_PERSONALITY:000102030405060708090a0b0c0d0e0f101112131415161718191a1b1c1d1e1f
TRACE:AI_BEGIN_ROUTINE:000102030405060708090a0b0c0d0e0f101112131415161718191a1b1c1d1e1f
TRACE:AI_SPAWN_CHARACTER:000102030405060708090a0b0c0d0e0f101112131415161718191a1b1c1d1e1f
TRACE:AI_ASSIGN_PERSONALITY:000102030405060708090a0b0c0d0e0f101112131415161718191a1b1c1d1e1f
TRACE:AI_BEGIN_ROUTINE:000102030405060708090a0b0c0d0e0f101112131415161718191a1b1c1d1e1f
TRACE:AI_SPAWN_CHARACTER:000102030405060708090a0b0c0d0e0f101112131415161718191a1b1c1d1e1f
TRACE:AI_ASSIGN_PERSONALITY:000102030405060708090a0b0c0d0e0f101112131415161718191a1b1c1d1e1f
TRACE:AI_BEGIN_ROUTINE:000102030405060708090a0b0c0d0e0f101112131415161718191a1b1c1d1e1f
TRACE:AI_SPAWN_CHARACTER:000102030405060708090a0b0c0d0e0f101112131415161718191a1b1c1d1e1f
TRACE:AI_ASSIGN_PERSONALITY:000102030405060708090a0b0c0d0e0f101112131415161718191a1b1c1d1e1f
TRACE:AI_BEGIN_ROUTINE:000102030405060708090a0b0c0d0e0f101112131415161718191a1b1c1d1e1f
TRACE:AI_SPAWN_CHARACTER:000102030405060708090a0b0c0d0e0f101112131415161718191a1b1c1d1e1f
TRACE:AI_ASSIGN_PERSONALITY:000102030405060708090a0b0c0d0e0f101112131415161718191a1b1c1d1e1f
TRACE:AI_BEGIN_ROUTINE:000102030405060708090a0b0c0d0e0f101112131415161718191a1b1c1d1e1f
TRACE:AI_SPAWN_CHARACTER:000102030405060708090a0b0c0d0e0f101112131415161718191a1b1c1d1e1f
TRACE:AI_ASSIGN_PERSONALITY:000102030405060708090a0b0c0d0e0f101112131415161718191a1b1c1d1e1f
TRACE:AI_BEGIN_ROUTINE:000102030405060708090a0b0c0d0e0f101112131415161718191a1b1c1d1e1f
TRACE:AI_SPAWN_CHARACTER:000102030405060708090a0b0c0d0e0f101112131415161718191a1b1c1d1e1f
TRACE:AI_ASSIGN_PERSONALITY:000102030405060708090a0b0c0d0e0f101112131415161718191a1b1c1d1e1f
TRACE:AI_BEGIN_ROUTINE:000102030405060708090a0b0c0d0e0f101112131415161718191a1b1c1d1e1f
TRACE:AI_SPAWN_CHARACTER:000102030405060708090a0b0c0d0e0f101112131415161718191a1b1c1d1e1f
TRACE:AI_ASSIGN_PERSONALITY:000102030405060708090a0b0c0d0e0f101112131415161718191a1b1c1d1e1f
TRACE:AI_BEGIN_ROUTINE:000102030405060708090a0b0c0d0e0f101112131415161718191a1b1c1d1e1f
TRACE:AI_SPAWN_CHARACTER:000102030405060708090a0b0c0d0e0f101112131415161718191a1b1c1d1e1f
TRACE:AI_ASSIGN_PERSONALITY:000102030405060708090a0b0c0d0e0f101112131415161718191a1b1c1d1e1f
TRACE:AI_BEGIN_ROUTINE:000102030405060708090a0b0c0d0e0f101112131415161718191a1b1c1d1e1f
TRACE:AI_SPAWN_CHARACTER:000102030405060708090a0b0c0d0e0f101112131415161718191a1b1c1d1e1f
TRACE:AI_ASSIGN_PERSONALITY:000102030405060708090a0b0c0d0e0f101112131415161718191a1b1c1d1e1f
TRACE:AI_BEGIN_ROUTINE:000102030405060708090a0b0c0d0e0f101112131415161718191a1b1c1d1e1f
TRACE:AI_SPAWN_CHARACTER:000102030405060708090a0b0c0d0e0f101112131415161718191a1b1c1d1e1f
TRACE:AI_ASSIGN_PERSONALITY:000102030405060708090a0b0c0d0e0f101112131415161718191a1b1c1d1e1f
TRACE:AI_BEGIN_ROUTINE:000102030405060708090a0b0c0d0e0f101112131415161718191a1b1c1d1e1f
TRACE:AI_SPAWN_CHARACTER:000102030405060708090a0b0c0d0e0f101112131415161718191a1b1c1d1e1f
TRACE:AI_ASSIGN_PERSONALITY:000102030405060708090a0b0c0d0e0f101112131415161718191a1b1c1d1e1f
TRACE:AI_BEGIN_ROUTINE:000102030405060708090a0b0c0d0e0f101112131415161718191a1b1c1d1e1f
TRACE:AI_SPAWN_CHARACTER:000102030405060708090a0b0c0d0e0f101112131415161718191a1b1c1d1e1f
TRACE:AI_ASSIGN_PERSONALITY:000102030405060708090a0b0c0d0e0f101112131415161718191a1b1c1d1e1f
TRACE:AI_BEGIN_ROUTINE:000102030405060708090a0b0c0d0e0f101112131415161718191a1b1c1d1e1f
TRACE:AI_SPAWN_CHARACTER:000102030405060708090a0b0c0d0e0f101112131415161718191a1b1c1d1e1f
TRACE:AI_ASSIGN_PERSONALITY:000102030405060708090a0b0c0d0e0f101112131415161718191a1b1c1d1e1f
TRACE:AI_BEGIN_ROUTINE:000102030405060708090a0b0c0d0e0f101112131415161718191a1b1c1d1e1f
TRACE:AI_SPAWN_CHARACTER:000102030405060708090a0b0c0d0e0f101112131415161718191a1b1c1d1e1f
TRACE:AI_ASSIGN_PERSONALITY:000102030405060708090a0b0c0d0e0f101112131415161718191a1b1c1d1e1f
TRACE:AI_BEGIN_ROUTINE:000102030405060708090a0b0c0d0e0f101112131415161718191a1b1c1d1e1f
TRACE:AI_SPAWN_CHARACTER:000102030405060708090a0b0c0d0e0f101112131415161718191a1b1c1d1e1f
TRACE:AI_ASSIGN_PERSONALITY:000102030405060708090a0b0c0d0e0f101112131415161718191a1b1c1d1e1f
TRACE:AI_BEGIN_ROUTINE:000102030405060708090a0b0c0d0e0f101112131415161718191a1b1c1d1e1f
TRACE:AI_SPAWN_CHARACTER:000102030405060708090a0b0c0d0e0f101112131415161718191a1b1c1d1e1f
TRACE:AI_ASSIGN_PERSONALITY:000102030405060708090a0b0c0d0e0f101112131415161718191a1b1c1d1e1f
TRACE:AI_BEGIN_ROUTINE:000102030405060708090a0b0c0d0e0f101112131415161718191a1b1c1d1e1f
TRACE:AI_SPAWN_CHARACTER:000102030405060708090a0b0c0d0e0f101112131415161718191a1b1c1d1e1f
TRACE:AI_ASSIGN_PERSONALITY:000102030405060708090a0b0c0d0e0f101112131415161718191a1b1c1d1e1f
TRACE:AI_BEGIN_ROUTINE:000102030405060708090a0b0c0d0e0f101112131415161718191a1b1c1d1e1f
TRACE:AI_SPAWN_CHARACTER:000102030405060708090a0b0c0d0e0f101112131415161718191a1b1c1d1e1f
TRACE:AI_ASSIGN_PERSONALITY:000102030405060708090a0b0c0d0e0f101112131415161718191a1b1c1d1e1f
TRACE:AI_BEGIN_ROUTINE:000102030405060708090a0b0c0d0e0f101112131415161718191a1b1c1d1e1f
TRACE:AI_SPAWN_CHARACTER:000102030405060708090a0b0c0d0e0f101112131415161718191a1b1c1d1e1f
TRACE:AI_ASSIGN_PERSONALITY:000102030405060708090a0b0c0d0e0f101112131415161718191a1b1c1d1e1f
TRACE:AI_BEGIN_ROUTINE:000102030405060708090a0b0c0d0e0f101112131415161718191a1b1c1d1e1f
TRACE:AI_SPAWN_CHARACTER:000102030405060708090a0b0c0d0e0f101112131415161718191a1b1c1d1e1f
TRACE:AI_ASSIGN_PERSONALITY:000102030405060708090a0b0c0d0e0f101112131415161718191a1b1c1d1e1f
TRACE:AI_BEGIN_ROUTINE:000102030405060708090a0b0c0d0e0f101112131415161718191a1b1c1d1e1f
TRACE:AI_SPAWN_CHARACTER:000102030405060708090a0b0c0d0e0f101112131415161718191a1b1c1d1e1f
TRACE:AI_ASSIGN_PERSONALITY:000102030405060708090a0b0c0d0e0f101112131415161718191a1b1c1d1e1f
TRACE:AI_BEGIN_ROUTINE:000102030405060708090a0b0c0d0e0f101112131415161718191a1b1c1d1e1f
TRACE:AI_SPAWN_CHARACTER:000102030405060708090a0b0c0d0e0f101112131415161718191a1b1c1d1e1f
TRACE:AI_ASSIGN_PERSONALITY:000102030405060708090a0b0c0d0e0f101112131415161718191a1b1c1d1e1f
TRACE:AI_BEGIN_ROUTINE:000102030405060708090a0b0c0d0e0f101112131415161718191a1b1c1d1e1f
TRACE:AI_SPAWN_CHARACTER:000102030405060708090a0b0c0d0e0f101112131415161718191a1b1c1d1e1f
TRACE:AI_ASSIGN_PERSONALITY:000102030405060708090a0b0c0d0e0f101112131415161718191a1b1c1d1e1f
TRACE:AI_BEGIN_ROUTINE:000102030405060708090a0b0c0d0e0f101112131415161718191a1b1c1d1e1f
TRACE:AI_SPAWN_CHARACTER:000102030405060708090a0b0c0d0e0f101112131415161718191a1b1c1d1e1f
TRACE:AI_ASSIGN_PERSONALITY:000102030405060708090a0b0c0d0e0f101112131415161718191a1b1c1d1e1f
TRACE:AI_BEGIN_ROUTINE:000102030405060708090a0b0c0d0e0f101112131415161718191a1b1c1d1e1f
TRACE:AI_SPAWN_CHARACTER:000102030405060708090a0b0c0d0e0f101112131415161718191a1b1c1d1e1f
TRACE:AI_ASSIGN_PERSONALITY:000102030405060708090a0b0c0d0e0f101112131415161718191a1b1c1d1e1f
TRACE:AI_BEGIN_ROUTINE:000102030405060708090a0b0c0d0e0f101112131415161718191a1b1c1d1e1f
TRACE:AI_SPAWN_CHARACTER:000102030405060708090a0b0c0d0e0f101112131415161718191a1b1c1d1e1f
TRACE:AI_ASSIGN_PERSONALITY:000102030405060708090a0b0c0d0e0f101112131415161718191a1b1c1d1e1f
TRACE:AI_BEGIN_ROUTINE:000102030405060708090a0b0c0d0e0f101112131415161718191a1b1c1d1e1f
TRACE:AI_SPAWN_CHARACTER:000102030405060708090a0b0c0d0e0f101112131415161718191a1b1c1d1e1f
TRACE:AI_ASSIGN_PERSONALITY:000102030405060708090a0b0c0d0e0f101112131415161718191a1b1c1d1e1f
TRACE:AI_BEGIN_ROUTINE:000102030405060708090a0b0c0d0e0f101112131415161718191a1b1c1d1e1f
TRACE:AI_SPAWN_CHARACTER:000102030405060708090a0b0c0d0e0f101112131415161718191a1b1c1d1e1f
TRACE:AI_ASSIGN_PERSONALITY:000102030405060708090a0b0c0d0e0f101112131415161718191a1b1c1d1e1f
TRACE:AI_BEGIN_ROUTINE:000102030405060708090a0b0c0d0e0f101112131415161718191a1b1c1d1e1f
TRACE:AI_SPAWN_CHARACTER:000102030405060708090a0b0c0d0e0f101112131415161718191a1b1c1d1e1f
TRACE:AI_ASSIGN_PERSONALITY:000102030405060708090a0b0c0d0e0f101112131415161718191a1b1c1d1e1f
TRACE:AI_BEGIN_ROUTINE:000102030405060708090a0b0c0d0e0f101112131415161718191a1b1c1d1e1f
TRACE:AI_SPAWN_CHARACTER:000102030405060708090a0b0c0d0e0f101112131415161718191a1b1c1d1e1f
TRACE:AI_ASSIGN_PERSONALITY:000102030405060708090a0b0c0d0e0f101112131415161718191a1b1c1d1e1f
TRACE:AI_BEGIN_ROUTINE:000102030405060708090a0b0c0d0e0f101112131415161718191a1b1c1d1e1f
TRACE:AI_SPAWN_CHARACTER:000102030405060708090a0b0c0d0e0f101112131415161718191a1b1c1d1e1f
TRACE:AI_ASSIGN_PERSONALITY:000102030405060708090a0b0c0d0e0f101112131415161718191a1b1c1d1e1f
TRACE:AI_BEGIN_ROUTINE:000102030405060708090a0b0c0d0e0f101112131415161718191a1b1c1d1e1f
TRACE:AI_SPAWN_CHARACTER:000102030405060708090a0b0c0d0e0f101112131415161718191a1b1c1d1e1f
TRACE:AI_ASSIGN_PERSONALITY:000102030405060708090a0b0c0d0e0f101112131415161718191a1b1c1d1e1f
TRACE:AI_BEGIN_ROUTINE:000102030405060708090a0b0c0d0e0f101112131415161718191a1b1c1d1e1f
TRACE:AI_SPAWN_CHARACTER:000102030405060708090a0b0c0d0e0f101112131415161718191a1b1c1d1e1f
TRACE:AI_ASSIGN_PERSONALITY:000102030405060708090a0b0c0d0e0f101112131415161718191a1b1c1d1e1f
TRACE:AI_BEGIN_ROUTINE:000102030405060708090a0b0c0d0e0f101112131415161718191a1b1c1d1e1f
TRACE:AI_SPAWN_CHARACTER:000102030405060708090a0b0c0d0e0f101112131415161718191a1b1c1d1e1f
TRACE:AI_ASSIGN_PERSONALITY:000102030405060708090a0b0c0d0e0f101112131415161718191a1b1c1d1e1f
TRACE:AI_BEGIN_ROUTINE:000102030405060708090a0b0c0d0e0f101112131415161718191a1b1c1d1e1f
TRACE:AI_SPAWN_CHARACTER:000102030405060708090a0b0c0d0e0f101112131415161718191a1b1c1d1e1f
TRACE:AI_ASSIGN_PERSONALITY:000102030405060708090a0b0c0d0e0f101112131415161718191a1b1c1d1e1f
TRACE:AI_BEGIN_ROUTINE:000102030405060708090a0b0c0d0e0f101112131415161718191a1b1c1d1e1f
TRACE:AI_SPAWN_CHARACTER:000102030405060708090a0b0c0d0e0f101112131415161718191a1b1c1d1e1f
TRACE:AI_ASSIGN_PERSONALITY:000102030405060708090a0b0c0d0e0f101112131415161718191a1b1c1d1e1f
TRACE:AI_BEGIN_ROUTINE:000102030405060708090a0b0c0d0e0f101112131415161718191a1b1c1d1e1f
TRACE:AI_SPAWN_CHARACTER:000102030405060708090a0b0c0d0e0f101112131415161718191a1b1c1d1e1f
TRACE:AI_ASSIGN_PERSONALITY:000102030405060708090a0b0c0d0e0f101112131415161718191a1b1c1d1e1f
TRACE:AI_BEGIN_ROUTINE:000102030405060708090a0b0c0d0e0f101112131415161718191a1b1c1d1e1f
TRACE:AI_SPAWN_CHARACTER:000102030405060708090a0b0c0d0e0f101112131415161718191a1b1c1d1e1f
TRACE:AI_ASSIGN_PERSONALITY:000102030405060708090a0b0c0d0e0f101112131415161718191a1b1c1d1e1f
TRACE:AI_BEGIN_ROUTINE:000102030405060708090a0b0c0d0e0f101112131415161718191a1b1c1d1e1f
TRACE:AI_SPAWN_CHARACTER:000102030405060708090a0b0c0d0e0f101112131415161718191a1b1c1d1e1f
TRACE:AI_ASSIGN_PERSONALITY:000102030405060708090a0b0c0d0e0f101112131415161718191a1b1c1d1e1f
TRACE:AI_BEGIN_ROUTINE:000102030405060708090a0b0c0d0e0f101112131415161718191a1b1c1d1e1f
TRACE:AI_SPAWN_CHARACTER:000102030405060708090a0b0c0d0e0f101112131415161718191a1b1c1d1e1f
TRACE:AI_ASSIGN_PERSONALITY:000102030405060708090a0b0c0d0e0f101112131415161718191a1b1c1d1e1f
TRACE:AI_BEGIN_ROUTINE:000102030405060708090a0b0c0d0e0f101112131415161718191a1b1c1d1e1f
TRACE:AI_SPAWN_CHARACTER:000102030405060708090a0b0c0d0e0f101112131415161718191a1b1c1d1e1f
TRACE:AI_ASSIGN_PERSONALITY:000102030405060708090a0b0c0d0e0f101112131415161718191a1b1c1d1e1f
TRACE:AI_BEGIN_ROUTINE:000102030405060708090a0b0c0d0e0f101112131415161718191a1b1c1d1e1f
TRACE:AI_SPAWN_CHARACTER:000102030405060708090a0b0c0d0e0f101112131415161718191a1b1c1d1e1f
TRACE:AI_ASSIGN_PERSONALITY:000102030405060708090a0b0c0d0e0f101112131415161718191a1b1c1d1e1f
TRACE:AI_BEGIN_ROUTINE:000102030405060708090a0b0c0d0e0f101112131415161718191a1b1c1d1e1f
TRACE:AI_SPAWN_CHARACTER:000102030405060708090a0b0c0d0e0f101112131415161718191a1b1c1d1e1f
TRACE:AI_ASSIGN_PERSONALITY:000102030405060708090a0b0c0d0e0f101112131415161718191a1b1c1d1e1f
TRACE:AI_BEGIN_ROUTINE:000102030405060708090a0b0c0d0e0f101112131415161718191a1b1c1d1e1f
TRACE:AI_SPAWN_CHARACTER:000102030405060708090a0b0c0d0e0f101112131415161718191a1b1c1d1e1f
TRACE:AI_ASSIGN_PERSONALITY:000102030405060708090a0b0c0d0e0f101112131415161718191a1b1c1d1e1f
TRACE:AI_BEGIN_ROUTINE:000102030405060708090a0b0c0d0e0f101112131415161718191a1b1c1d1e1f
TRACE:AI_SPAWN_CHARACTER:000102030405060708090a0b0c0d0e0f101112131415161718191a1b1c1d1e1f
TRACE:AI_ASSIGN_PERSONALITY:000102030405060708090a0b0c0d0e0f101112131415161718191a1b1c1d1e1f
TRACE:AI_BEGIN_ROUTINE:000102030405060708090a0b0c0d0e0f101112131415161718191a1b1c1d1e1f
TRACE:AI_SPAWN_CHARACTER:000102030405060708090a0b0c0d0e0f101112131415161718191a1b1c1d1e1f
TRACE:AI_ASSIGN_PERSONALITY:000102030405060708090a0b0c0d0e0f101112131415161718191a1b1c1d1e1f
TRACE:AI_BEGIN_ROUTINE:000102030405060708090a0b0c0d0e0f101112131415161718191a1b1c1d1e1f
TRACE:AI_SPAWN_CHARACTER:000102030405060708090a0b0c0d0e0f101112131415161718191a1b1c1d1e1f
TRACE:AI_ASSIGN_PERSONALITY:000102030405060708090a0b0c0d0e0f101112131415161718191a1b1c1d1e1f
TRACE:AI_BEGIN_ROUTINE:000102030405060708090a0b0c0d0e0f101112131415161718191a1b1c1d1e1f
TRACE:AI_SPAWN_CHARACTER:000102030405060708090a0b0c0d0e0f101112131415161718191a1b1c1d1e1f
TRACE:AI_ASSIGN_PERSONALITY:000102030405060708090a0b0c0d0e0f101112131415161718191a1b1c1d1e1f
TRACE:AI_BEGIN_ROUTINE:000102030405060708090a0b0c0d0e0f101112131415161718191a1b1c1d1e1f
TRACE:AI_SPAWN_CHARACTER:000102030405060708090a0b0c0d0e0f101112131415161718191a1b1c1d1e1f
TRACE:AI_ASSIGN_PERSONALITY:000102030405060708090a0b0c0d0e0f101112131415161718191a1b1c1d1e1f
TRACE:AI_BEGIN_ROUTINE:000102030405060708090a0b0c0d0e0f101112131415161718191a1b1c1d1e1f
TRACE:AI_SPAWN_CHARACTER:000102030405060708090a0b0c0d0e0f101112131415161718191a1b1c1d1e1f
TRACE:AI_ASSIGN_PERSONALITY:000102030405060708090a0b0c0d0e0f101112131415161718191a1b1c1d1e1f
TRACE:AI_BEGIN_ROUTINE:000102030405060708090a0b0c0d0e0f101112131415161718191a1b1c1d1e1f
TRACE:AI_SPAWN_CHARACTER:000102030405060708090a0b0c0d0e0f101112131415161718191a1b1c1d1e1f
TRACE:AI_ASSIGN_PERSONALITY:000102030405060708090a0b0c0d0e0f101112131415161718191a1b1c1d1e1f
TRACE:AI_BEGIN_ROUTINE:000102030405060708090a0b0c0d0e0f101112131415161718191a1b1c1d1e1f
TRACE:AI_SPAWN_CHARACTER:000102030405060708090a0b0c0d0e0f101112131415161718191a1b1c1d1e1f
TRACE:AI_ASSIGN_PERSONALITY:000102030405060708090a0b0c0d0e0f101112131415161718191a1b1c1d1e1f
TRACE:AI_BEGIN_ROUTINE:000102030405060708090a0b0c0d0e0f101112131415161718191a1b1c1d1e1f
TRACE:AI_SPAWN_CHARACTER:000102030405060708090a0b0c0d0e0f101112131415161718191a1b1c1d1e1f
TRACE:AI_ASSIGN_PERSONALITY:000102030405060708090a0b0c0d0e0f101112131415161718191a1b1c1d1e1f
TRACE:AI_BEGIN_ROUTINE:000102030405060708090a0b0c0d0e0f101112131415161718191a1b1c1d1e1f
TRACE:AI_SPAWN_CHARACTER:000102030405060708090a0b0c0d0e0f101112131415161718191a1b1c1d1e1f
TRACE:AI_ASSIGN_PERSONALITY:000102030405060708090a0b0c0d0e0f101112131415161718191a1b1c1d1e1f
TRACE:AI_BEGIN_ROUTINE:000102030405060708090a0b0c0d0e0f101112131415161718191a1b1c1d1e1f
TRACE:AI_SPAWN_CHARACTER:000102030405060708090a0b0c0d0e0f101112131415161718191a1b1c1d1e1f
TRACE:AI_ASSIGN_PERSONALITY:000102030405060708090a0b0c0d0e0f101112131415161718191a1b1c1d1e1f
TRACE:AI_BEGIN_ROUTINE:000102030405060708090a0b0c0d0e0f101112131415161718191a1b1c1d1e1f
TRACE:AI_SPAWN_CHARACTER:000102030405060708090a0b0c0d0e0f101112131415161718191a1b1c1d1e1f
TRACE:AI_ASSIGN_PERSONALITY:000102030405060708090a0b0c0d0e0f101112131415161718191a1b1c1d1e1f
TRACE:AI_BEGIN_ROUTINE:000102030405060708090a0b0c0d0e0f101112131415161718191a1b1c1d1e1f
TRACE:AI_SPAWN_CHARACTER:000102030405060708090a0b0c0d0e0f101112131415161718191a1b1c1d1e1f
TRACE:AI_ASSIGN_PERSONALITY:000102030405060708090a0b0c0d0e0f101112131415161718191a1b1c1d1e1f
TRACE:AI_BEGIN_ROUTINE:000102030405060708090a0b0c0d0e0f101112131415161718191a1b1c1d1e1f
TRACE:AI_SPAWN_CHARACTER:000102030405060708090a0b0c0d0e0f101112131415161718191a1b1c1d1e1f
TRACE:AI_ASSIGN_PERSONALITY:000102030405060708090a0b0c0d0e0f101112131415161718191a1b1c1d1e1f
TRACE:AI_BEGIN_ROUTINE:000102030405060708090a0b0c0d0e0f101112131415161718191a1b1c1d1e1f
TRACE:AI_SPAWN_CHARACTER:000102030405060708090a0b0c0d0e0f101112131415161718191a1b1c1d1e1f
TRACE:AI_ASSIGN_PERSONALITY:000102030405060708090a0b0c0d0e0f101112131415161718191a1b1c1d1e1f
TRACE:AI_BEGIN_ROUTINE:000102030405060708090a0b0c0d0e0f101112131415161718191a1b1c1d1e1f
TRACE:AI_SPAWN_CHARACTER:000102030405060708090a0b0c0d0e0f101112131415161718191a1b1c1d1e1f
TRACE:AI_ASSIGN_PERSONALITY:000102030405060708090a0b0c0d0e0f101112131415161718191a1b1c1d1e1f
TRACE:AI_BEGIN_ROUTINE:000102030405060708090a0b0c0d0e0f101112131415161718191a1b1c1d1e1f
TRACE:AI_SPAWN_CHARACTER:000102030405060708090a0b0c0d0e0f101112131415161718191a1b1c1d1e1f
TRACE:AI_ASSIGN_PERSONALITY:000102030405060708090a0b0c0d0e0f101112131415161718191a1b1c1d1e1f
TRACE:AI_BEGIN_ROUTINE:000102030405060708090a0b0c0d0e0f101112131415161718191a1b1c1d1e1f
TRACE:AI_SPAWN_CHARACTER:000102030405060708090a0b0c0d0e0f101112131415161718191a1b1c1d1e1f
TRACE:AI_ASSIGN_PERSONALITY:000102030405060708090a0b0c0d0e0f101112131415161718191a1b1c1d1e1f
TRACE:AI_BEGIN_ROUTINE:000102030405060708090a0b0c0d0e0f101112131415161718191a1b1c1d1e1f
TRACE:AI_SPAWN_CHARACTER:000102030405060708090a0b0c0d0e0f101112131415161718191a1b1c1d1e1f
TRACE:AI_ASSIGN_PERSONALITY:000102030405060708090a0b0c0d0e0f101112131415161718191a1b1c1d1e1f
TRACE:AI_BEGIN_ROUTINE:000102030405060708090a0b0c0d0e0f101112131415161718191a1b1c1d1e1f
TRACE:AI_SPAWN_CHARACTER:000102030405060708090a0b0c0d0e0f101112131415161718191a1b1c1d1e1f
TRACE:AI_ASSIGN_PERSONALITY:000102030405060708090a0b0c0d0e0f101112131415161718191a1b1c1d1e1f
TRACE:AI_BEGIN_ROUTINE:000102030405060708090a0b0c0d0e0f101112131415161718191a1b1c1d1e1f
TRACE:AI_SPAWN_CHARACTER:000102030405060708090a0b0c0d0e0f101112131415161718191a1b1c1d1e1f
TRACE:AI_ASSIGN_PERSONALITY:000102030405060708090a0b0c0d0e0f101112131415161718191a1b1c1d1e1f
TRACE:AI_BEGIN_ROUTINE:000102030405060708090a0b0c0d0e0f101112131415161718191a1b1c1d1e1f
TRACE:AI_SPAWN_CHARACTER:000102030405060708090a0b0c0d0e0f101112131415161718191a1b1c1d1e1f
TRACE:AI_ASSIGN_PERSONALITY:000102030405060708090a0b0c0d0e0f101112131415161718191a1b1c1d1e1f
TRACE:AI_BEGIN_ROUTINE:000102030405060708090a0b0c0d0e0f101112131415161718191a1b1c1d1e1f
TRACE:AI_SPAWN_CHARACTER:000102030405060708090a0b0c0d0e0f101112131415161718191a1b1c1d1e1f
TRACE:AI_ASSIGN_PERSONALITY:000102030405060708090a0b0c0d0e0f101112131415161718191a1b1c1d1e1f
TRACE:AI_BEGIN_ROUTINE:000102030405060708090a0b0c0d0e0f101112131415161718191a1b1c1d1e1f
TRACE:AI_SPAWN_CHARACTER:000102030405060708090a0b0c0d0e0f101112131415161718191a1b1c1d1e1f
TRACE:AI_ASSIGN_PERSONALITY:000102030405060708090a0b0c0d0e0f101112131415161718191a1b1c1d1e1f
TRACE:AI_BEGIN_ROUTINE:000102030405060708090a0b0c0d0e0f101112131415161718191a1b1c1d1e1f
TRACE:AI_SPAWN_CHARACTER:000102030405060708090a0b0c0d0e0f101112131415161718191a1b1c1d1e1f
TRACE:AI_ASSIGN_PERSONALITY:000102030405060708090a0b0c0d0e0f101112131415161718191a1b1c1d1e1f
TRACE:AI_BEGIN_ROUTINE:000102030405060708090a0b0c0d0e0f101112131415161718191a1b1c1d1e1f
TRACE:AI_SPAWN_CHARACTER:000102030405060708090a0b0c0d0e0f101112131415161718191a1b1c1d1e1f
TRACE:AI_ASSIGN_PERSONALITY:000102030405060708090a0b0c0d0e0f101112131415161718191a1b1c1d1e1f
TRACE:AI_BEGIN_ROUTINE:000102030405060708090a0b0c0d0e0f101112131415161718191a1b1c1d1e1f
TRACE:AI_SPAWN_CHARACTER:000102030405060708090a0b0c0d0e0f101112131415161718191a1b1c1d1e1f
TRACE:AI_ASSIGN_PERSONALITY:000102030405060708090a0b0c0d0e0f101112131415161718191a1b1c1d1e1f
TRACE:AI_BEGIN_ROUTINE:000102030405060708090a0b0c0d0e0f101112131415161718191a1b1c1d1e1f
TRACE:AI_SPAWN_CHARACTER:000102030405060708090a0b0c0d0e0f101112131415161718191a1b1c1d1e1f
TRACE:AI_ASSIGN_PERSONALITY:000102030405060708090a0b0c0d0e0f101112131415161718191a1b1c1d1e1f
TRACE:AI_BEGIN_ROUTINE:000102030405060708090a0b0c0d0e0f101112131415161718191a1b1c1d1e1f
TRACE:AI_SPAWN_CHARACTER:000102030405060708090a0b0c0d0e0f101112131415161718191a1b1c1d1e1f
TRACE:AI_ASSIGN_PERSONALITY:000102030405060708090a0b0c0d0e0f101112131415161718191a1b1c1d1e1f
TRACE:AI_BEGIN_ROUTINE:000102030405060708090a0b0c0d0e0f101112131415161718191a1b1c1d1e1f
TRACE:FRAME_START:000102030405060708090a0b0c0d0e0f101112131415161718191a1b1c1d1e1f
TRACE:FRUSTUM_CULLING:000102030405060708090a0b0c0d0e0f101112131415161718191a1b1c1d1e1f
TRACE:LOD_SELECTION:000102030405060708090a0b0c0d0e0f101112131415161718191a1b1c1d1e1f
TRACE:RENDER_OPTIMIZED:000102030405060708090a0b0c0d0e0f101112131415161718191a1b1c1d1e1f
TRACE:PHYSICS_UPDATE_START:000102030405060708090a0b0c0d0e0f101112131415161718191a1b1c1d1e1f
TRACE:CALCULATE_LIFT_FORCE:000102030405060708090a0b0c0d0e0f101112131415161718191a1b1c1d1e1f
TRACE:APPLY_AERODYNAMICS:000102030405060708090a0b0c0d0e0f101112131415161718191a1b1c1d1e1f
TRACE:VELOCITY_CHANGED:000102030405060708090a0b0c0d0e0f101112131415161718191a1b1c1d1e1f
TRACE:POSITION_UPDATED:000102030405060708090a0b0c0d0e0f101112131415161718191a1b1c1d1e1f
TRACE:WEATHER_UPDATE:000102030405060708090a0b0c0d0e0f101112131415161718191a1b1c1d1e1f
TRACE:TIME_UPDATE:000102030405060708090a0b0c0d0e0f101112131415161718191a1b1c1d1e1f
TRACE:SUN_POSITION_CALCULATED:000102030405060708090a0b0c0d0e0f101112131415161718191a1b1c1d1e1f
TRACE:SHADOWS_UPDATED:000102030405060708090a0b0c0d0e0f101112131415161718191a1b1c1d1e1f
TRACE:AI_UPDATE_STAGGERED:000102030405060708090a0b0c0d0e0f101112131415161718191a1b1c1d1e1f
TRACE:AI_PATH_PLANNING:000102030405060708090a0b0c0d0e0f101112131415161718191a1b1c1d1e1f
TRACE:AI_PATH_PLANNING:000102030405060708090a0b0c0d0e0f101112131415161718191a1b1c1d1e1f
TRACE:AI_PATH_PLANNING:000102030405060708090a0b0c0d0e0f101112131415161718191a1b1c1d1e1f
TRACE:AI_PATH_PLANNING:000102030405060708090a0b0c0d0e0f101112131415161718191a1b1c1d1e1f
TRACE:AI_PATH_PLANNING:000102030405060708090a0b0c0d0e0f101112131415161718191a1b1c1d1e1f
TRACE:AI_REACT_TO_AIRCRAFT:000102030405060708090a0b0c0d0e0f101112131415161718191a1b1c1d1e1f
TRACE:AI_PATH_PLANNING:000102030405060708090a0b0c0d0e0f101112131415161718191a1b1c1d1e1f
TRACE:AI_PATH_PLANNING:000102030405060708090a0b0c0d0e0f101112131415161718191a1b1c1d1e1f
TRACE:AI_PATH_PLANNING:000102030405060708090a0b0c0d0e0f101112131415161718191a1b1c1d1e1f
TRACE:AI_PATH_PLANNING:000102030405060708090a0b0c0d0e0f101112131415161718191a1b1c1d1e1f
TRACE:AI_PATH_PLANNING:000102030405060708090a0b0c0d0e0f101112131415161718191a1b1c1d1e1f
TRACE:AI_PATH_PLANNING:000102030405060708090a0b0c0d0e0f101112131415161718191a1b1c1d1e1f
TRACE:AI_PATH_PLANNING:000102030405060708090a0b0c0d0e0f101112131415161718191a1b1c1d1e1f
TRACE:AI_PATH_PLANNING:000102030405060708090a0b0c0d0e0f101112131415161718191a1b1c1d1e1f
TRACE:AI_PATH_PLANNING:000102030405060708090a0b0c0d0e0f101112131415161718191a1b1c1d1e1f
TRACE:AI_PATH_PLANNING:000102030405060708090a0b0c0d0e0f101112131415161718191a1b1c1d1e1f
TRACE:AI_PATH_PLANNING:000102030405060708090a0b0c0d0e0f101112131415161718191a1b1c1d1e1f
TRACE:AI_PATH_PLANNING:000102030405060708090a0b0c0d0e0f101112131415161718191a1b1c1d1e1f
TRACE:AI_PATH_PLANNING:000102030405060708090a0b0c0d0e0f101112131415161718191a1b1c1d1e1f
TRACE:AI_PATH_PLANNING:000102030405060708090a0b0c0d0e0f101112131415161718191a1b1c1d1e1f
TRACE:AI_REACT_TO_AIRCRAFT:000102030405060708090a0b0c0d0e0f101112131415161718191a1b1c1d1e1f
TRACE:AI_PATH_PLANNING:000102030405060708090a0b0c0d0e0f101112131415161718191a1b1c1d1e1f
TRACE:AI_PATH_PLANNING:000102030405060708090a0b0c0d0e0f101112131415161718191a1b1c1d1e1f
TRACE:AI_PATH_PLANNING:000102030405060708090a0b0c0d0e0f101112131415161718191a1b1c1d1e1f
TRACE:AI_PATH_PLANNING:000102030405060708090a0b0c0d0e0f101112131415161718191a1b1c1d1e1f
TRACE:AI_PATH_PLANNING:000102030405060708090a0b0c0d0e0f101112131415161718191a1b1c1d1e1f
TRACE:AI_PATH_PLANNING:000102030405060708090a0b0c0d0e0f101112131415161718191a1b1c1d1e1f
TRACE:PHYSICS_MULTITHREADED:000102030405060708090a0b0c0d0e0f101112131415161718191a1b1c1d1e1f
TRACE:GPU_INSTANCING_USED:000102030405060708090a0b0c0d0e0f101112131415161718191a1b1c1d1e1f
TRACE:FRAME_TIME_CHECK:000102030405060708090a0b0c0d0e0f101112131415161718191a1b1c1d1e1f
TRACE:TARGET_FPS_MAINTAINED:000102030405060708090a0b0c0d0e0f101112131415161718191a1b1c1d1e1f
TRACE:FRAME_START:000102030405060708090a0b0c0d0e0f101112131415161718191a1b1c1d1e1f
TRACE:FRUSTUM_CULLING:000102030405060708090a0b0c0d0e0f101112131415161718191a1b1c1d1e1f
TRACE:LOD_SELECTION:000102030405060708090a0b0c0d0e0f101112131415161718191a1b1c1d1e1f
TRACE:RENDER_OPTIMIZED:000102030405060708090a0b0c0d0e0f101112131415161718191a1b1c1d1e1f
TRACE:PHYSICS_UPDATE_START:000102030405060708090a0b0c0d0e0f101112131415161718191a1b1c1d1e1f
TRACE:CALCULATE_LIFT_FORCE:000102030405060708090a0b0c0d0e0f101112131415161718191a1b1c1d1e1f
TRACE:APPLY_AERODYNAMICS:000102030405060708090a0b0c0d0e0f101112131415161718191a1b1c1d1e1f
TRACE:VELOCITY_CHANGED:000102030405060708090a0b0c0d0e0f101112131415161718191a1b1c1d1e1f
TRACE:POSITION_UPDATED:000102030405060708090a0b0c0d0e0f101112131415161718191a1b1c1d1e1f
TRACE:WEATHER_UPDATE:000102030405060708090a0b0c0d0e0f101112131415161718191a1b1c1d1e1f
TRACE:TIME_UPDATE:000102030405060708090a0b0c0d0e0f101112131415161718191a1b1c1d1e1f
TRACE:SUN_POSITION_CALCULATED:000102030405060708090a0b0c0d0e0f101112131415161718191a1b1c1d1e1f
TRACE:SHADOWS_UPDATED:000102030405060708090a0b0c0d0e0f101112131415161718191a1b1c1d1e1f
TRACE:AI_UPDATE_STAGGERED:000102030405060708090a0b0c0d0e0f101112131415161718191a1b1c1d1e1f
TRACE:AI_PATH_PLANNING:000102030405060708090a0b0c0d0e0f101112131415161718191a1b1c1d1e1f
TRACE:AI_PATH_PLANNING:000102030405060708090a0b0c0d0e0f101112131415161718191a1b1c1d1e1f
TRACE:AI_PATH_PLANNING:000102030405060708090a0b0c0d0e0f101112131415161718191a1b1c1d1e1f
TRACE:AI_PATH_PLANNING:000102030405060708090a0b0c0d0e0f101112131415161718191a1b1c1d1e1f
TRACE:AI_PATH_PLANNING:000102030405060708090a0b0c0d0e0f101112131415161718191a1b1c1d1e1f
TRACE:AI_PATH_PLANNING:000102030405060708090a0b0c0d0e0f101112131415161718191a1b1c1d1e1f
TRACE:AI_PATH_PLANNING:000102030405060708090a0b0c0d0e0f101112131415161718191a1b1c1d1e1f
TRACE:AI_PATH_PLANNING:000102030405060708090a0b0c0d0e0f101112131415161718191a1b1c1d1e1f
TRACE:AI_PATH_PLANNING:000102030405060708090a0b0c0d0e0f101112131415161718191a1b1c1d1e1f
TRACE:AI_PATH_PLANNING:000102030405060708090a0b0c0d0e0f101112131415161718191a1b1c1d1e1f
TRACE:AI_PATH_PLANNING:000102030405060708090a0b0c0d0e0f101112131415161718191a1b1c1d1e1f
TRACE:AI_PATH_PLANNING:000102030405060708090a0b0c0d0e0f101112131415161718191a1b1c1d1e1f
TRACE:AI_PATH_PLANNING:000102030405060708090a0b0c0d0e0f101112131415161718191a1b1c1d1e1f
TRACE:AI_PATH_PLANNING:000102030405060708090a0b0c0d0e0f101112131415161718191a1b1c1d1e1f
TRACE:AI_PATH_PLANNING:000102030405060708090a0b0c0d0e0f101112131415161718191a1b1c1d1e1f
TRACE:AI_PATH_PLANNING:000102030405060708090a0b0c0d0e0f101112131415161718191a1b1c1d1e1f
TRACE:AI_PATH_PLANNING:000102030405060708090a0b0c0d0e0f101112131415161718191a1b1c1d1e1f
TRACE:AI_PATH_PLANNING:000102030405060708090a0b0c0d0e0f101112131415161718191a1b1c1d1e1f
TRACE:AI_PATH_PLANNING:000102030405060708090a0b0c0d0e0f101112131415161718191a1b1c1d1e1f
TRACE:AI_PATH_PLANNING:000102030405060708090a0b0c0d0e0f101112131415161718191a1b1c1d1e1f
TRACE:AI_PATH_PLANNING:000102030405060708090a0b0c0d0e0f101112131415161718191a1b1c1d1e1f
TRACE:AI_REACT_TO_AIRCRAFT:000102030405060708090a0b0c0d0e0f101112131415161718191a1b1c1d1e1f
TRACE:AI_PATH_PLANNING:000102030405060708090a0b0c0d0e0f101112131415161718191a1b1c1d1e1f
TRACE:AI_PATH_PLANNING:000102030405060708090a0b0c0d0e0f101112131415161718191a1b1c1d1e1f
TRACE:AI_PATH_PLANNING:000102030405060708090a0b0c0d0e0f101112131415161718191a1b1c1d1e1f
TRACE:AI_PATH_PLANNING:000102030405060708090a0b0c0d0e0f101112131415161718191a1b1c1d1e1f
TRACE:PHYSICS_MULTITHREADED:000102030405060708090a0b0c0d0e0f101112131415161718191a1b1c1d1e1f
TRACE:GPU_INSTANCING_USED:000102030405060708090a0b0c0d0e0f101112131415161718191a1b1c1d1e1f
TRACE:FRAME_TIME_CHECK:000102030405060708090a0b0c0d0e0f101112131415161718191a1b1c1d1e1f
TRACE:TARGET_FPS_MAINTAINED:000102030405060708090a0b0c0d0e0f101112131415161718191a1b1c1d1e1f
TRACE:FRAME_START:000102030405060708090a0b0c0d0e0f101112131415161718191a1b1c1d1e1f
TRACE:FRUSTUM_CULLING:000102030405060708090a0b0c0d0e0f101112131415161718191a1b1c1d1e1f
TRACE:LOD_SELECTION:000102030405060708090a0b0c0d0e0f101112131415161718191a1b1c1d1e1f
TRACE:RENDER_OPTIMIZED:000102030405060708090a0b0c0d0e0f101112131415161718191a1b1c1d1e1f
TRACE:PHYSICS_UPDATE_START:000102030405060708090a0b0c0d0e0f101112131415161718191a1b1c1d1e1f
TRACE:CALCULATE_LIFT_FORCE:000102030405060708090a0b0c0d0e0f101112131415161718191a1b1c1d1e1f
TRACE:APPLY_AERODYNAMICS:000102030405060708090a0b0c0d0e0f101112131415161718191a1b1c1d1e1f
TRACE:VELOCITY_CHANGED:000102030405060708090a0b0c0d0e0f101112131415161718191a1b1c1d1e1f
TRACE:POSITION_UPDATED:000102030405060708090a0b0c0d0e0f101112131415161718191a1b1c1d1e1f
TRACE:WEATHER_UPDATE:000102030405060708090a0b0c0d0e0f101112131415161718191a1b1c1d1e1f
TRACE:TIME_UPDATE:000102030405060708090a0b0c0d0e0f101112131415161718191a1b1c1d1e1f
TRACE:SUN_POSITION_CALCULATED:000102030405060708090a0b0c0d0e0f101112131415161718191a1b1c1d1e1f
TRACE:SHADOWS_UPDATED:000102030405060708090a0b0c0d0e0f101112131415161718191a1b1c1d1e1f
TRACE:AI_UPDATE_STAGGERED:000102030405060708090a0b0c0d0e0f101112131415161718191a1b1c1d1e1f
TRACE:AI_PATH_PLANNING:000102030405060708090a0b0c0d0e0f101112131415161718191a1b1c1d1e1f
TRACE:AI_PATH_PLANNING:000102030405060708090a0b0c0d0e0f101112131415161718191a1b1c1d1e1f
TRACE:AI_PATH_PLANNING:000102030405060708090a0b0c0d0e0f101112131415161718191a1b1c1d1e1f
TRACE:AI_PATH_PLANNING:000102030405060708090a0b0c0d0e0f101112131415161718191a1b1c1d1e1f
TRACE:AI_PATH_PLANNING:000102030405060708090a0b0c0d0e0f101112131415161718191a1b1c1d1e1f
TRACE:AI_PATH_PLANNING:000102030405060708090a0b0c0d0e0f101112131415161718191a1b1c1d1e1f
TRACE:AI_REACT_TO_AIRCRAFT:000102030405060708090a0b0c0d0e0f101112131415161718191a1b1c1d1e1f
TRACE:AI_PATH_PLANNING:000102030405060708090a0b0c0d0e0f101112131415161718191a1b1c1d1e1f
TRACE:AI_PATH_PLANNING:000102030405060708090a0b0c0d0e0f101112131415161718191a1b1c1d1e1f
TRACE:AI_PATH_PLANNING:000102030405060708090a0b0c0d0e0f101112131415161718191a1b1c1d1e1f
TRACE:AI_REACT_TO_AIRCRAFT:000102030405060708090a0b0c0d0e0f101112131415161718191a1b1c1d1e1f
TRACE:AI_PATH_PLANNING:000102030405060708090a0b0c0d0e0f101112131415161718191a1b1c1d1e1f
TRACE:AI_PATH_PLANNING:000102030405060708090a0b0c0d0e0f101112131415161718191a1b1c1d1e1f
TRACE:AI_PATH_PLANNING:000102030405060708090a0b0c0d0e0f101112131415161718191a1b1c1d1e1f
TRACE:AI_PATH_PLANNING:000102030405060708090a0b0c0d0e0f101112131415161718191a1b1c1d1e1f
TRACE:AI_PATH_PLANNING:000102030405060708090a0b0c0d0e0f101112131415161718191a1b1c1d1e1f
TRACE:AI_PATH_PLANNING:000102030405060708090a0b0c0d0e0f101112131415161718191a1b1c1d1e1f
TRACE:AI_PATH_PLANNING:000102030405060708090a0b0c0d0e0f101112131415161718191a1b1c1d1e1f
TRACE:AI_REACT_TO_AIRCRAFT:000102030405060708090a0b0c0d0e0f101112131415161718191a1b1c1d1e1f
TRACE:AI_PATH_PLANNING:000102030405060708090a0b0c0d0e0f101112131415161718191a1b1c1d1e1f
TRACE:AI_PATH_PLANNING:000102030405060708090a0b0c0d0e0f101112131415161718191a1b1c1d1e1f
TRACE:AI_PATH_PLANNING:000102030405060708090a0b0c0d0e0f101112131415161718191a1b1c1d1e1f
TRACE:AI_PATH_PLANNING:000102030405060708090a0b0c0d0e0f101112131415161718191a1b1c1d1e1f
TRACE:AI_PATH_PLANNING:000102030405060708090a0b0c0d0e0f101112131415161718191a1b1c1d1e1f
TRACE:AI_PATH_PLANNING:000102030405060708090a0b0c0d0e0f101112131415161718191a1b1c1d1e1f
TRACE:AI_PATH_PLANNING:000102030405060708090a0b0c0d0e0f101112131415161718191a1b1c1d1e1f
TRACE:AI_PATH_PLANNING:000102030405060708090a0b0c0d0e0f101112131415161718191a1b1c1d1e1f
TRACE:AI_PATH_PLANNING:000102030405060708090a0b0c0d0e0f101112131415161718191a1b1c1d1e1f
TRACE:PHYSICS_MULTITHREADED:000102030405060708090a0b0c0d0e0f101112131415161718191a1b1c1d1e1f
TRACE:GPU_INSTANCING_USED:000102030405060708090a0b0c0d0e0f101112131415161718191a1b1c1d1e1f
TRACE:FRAME_TIME_CHECK:000102030405060708090a0b0c0d0e0f101112131415161718191a1b1c1d1e1f
TRACE:TARGET_FPS_MAINTAINED:000102030405060708090a0b0c0d0e0f101112131415161718191a1b1c1d1e1f
TRACE:FRAME_START:000102030405060708090a0b0c0d0e0f101112131415161718191a1b1c1d1e1f
TRACE:FRUSTUM_CULLING:000102030405060708090a0b0c0d0e0f101112131415161718191a1b1c1d1e1f
TRACE:LOD_SELECTION:000102030405060708090a0b0c0d0e0f101112131415161718191a1b1c1d1e1f
TRACE:RENDER_OPTIMIZED:000102030405060708090a0b0c0d0e0f101112131415161718191a1b1c1d1e1f
TRACE:PHYSICS_UPDATE_START:000102030405060708090a0b0c0d0e0f101112131415161718191a1b1c1d1e1f
TRACE:CALCULATE_LIFT_FORCE:000102030405060708090a0b0c0d0e0f101112131415161718191a1b1c1d1e1f
TRACE:APPLY_AERODYNAMICS:000102030405060708090a0b0c0d0e0f101112131415161718191a1b1c1d1e1f
TRACE:VELOCITY_CHANGED:000102030405060708090a0b0c0d0e0f101112131415161718191a1b1c1d1e1f
TRACE:POSITION_UPDATED:000102030405060708090a0b0c0d0e0f101112131415161718191a1b1c1d1e1f
TRACE:WEATHER_UPDATE:000102030405060708090a0b0c0d0e0f101112131415161718191a1b1c1d1e1f
TRACE:TIME_UPDATE:000102030405060708090a0b0c0d0e0f101112131415161718191a1b1c1d1e1f
TRACE:SUN_POSITION_CALCULATED:000102030405060708090a0b0c0d0e0f101112131415161718191a1b1c1d1e1f
TRACE:SHADOWS_UPDATED:000102030405060708090a0b0c0d0e0f101112131415161718191a1b1c1d1e1f
TRACE:AI_UPDATE_STAGGERED:000102030405060708090a0b0c0d0e0f101112131415161718191a1b1c1d1e1f
TRACE:AI_PATH_PLANNING:000102030405060708090a0b0c0d0e0f101112131415161718191a1b1c1d1e1f
TRACE:AI_PATH_PLANNING:000102030405060708090a0b0c0d0e0f101112131415161718191a1b1c1d1e1f
TRACE:AI_PATH_PLANNING:000102030405060708090a0b0c0d0e0f101112131415161718191a1b1c1d1e1f
TRACE:AI_PATH_PLANNING:000102030405060708090a0b0c0d0e0f101112131415161718191a1b1c1d1e1f
TRACE:AI_PATH_PLANNING:000102030405060708090a0b0c0d0e0f101112131415161718191a1b1c1d1e1f
TRACE:AI_PATH_PLANNING:000102030405060708090a0b0c0d0e0f101112131415161718191a1b1c1d1e1f
TRACE:AI_PATH_PLANNING:000102030405060708090a0b0c0d0e0f101112131415161718191a1b1c1d1e1f
TRACE:AI_PATH_PLANNING:000102030405060708090a0b0c0d0e0f101112131415161718191a1b1c1d1e1f
TRACE:AI_PATH_PLANNING:000102030405060708090a0b0c0d0e0f101112131415161718191a1b1c1d1e1f
TRACE:AI_PATH_PLANNING:000102030405060708090a0b0c0d0e0f101112131415161718191a1b1c1d1e1f
TRACE:AI_PATH_PLANNING:000102030405060708090a0b0c0d0e0f101112131415161718191a1b1c1d1e1f
TRACE:AI_PATH_PLANNING:000102030405060708090a0b0c0d0e0f101112131415161718191a1b1c1d1e1f
TRACE:AI_PATH_PLANNING:000102030405060708090a0b0c0d0e0f101112131415161718191a1b1c1d1e1f
TRACE:AI_PATH_PLANNING:000102030405060708090a0b0c0d0e0f101112131415161718191a1b1c1d1e1f
TRACE:AI_PATH_PLANNING:000102030405060708090a0b0c0d0e0f101112131415161718191a1b1c1d1e1f
TRACE:AI_PATH_PLANNING:000102030405060708090a0b0c0d0e0f101112131415161718191a1b1c1d1e1f
TRACE:AI_PATH_PLANNING:000102030405060708090a0b0c0d0e0f101112131415161718191a1b1c1d1e1f
TRACE:AI_PATH_PLANNING:000102030405060708090a0b0c0d0e0f101112131415161718191a1b1c1d1e1f
TRACE:AI_PATH_PLANNING:000102030405060708090a0b0c0d0e0f101112131415161718191a1b1c1d1e1f
TRACE:AI_PATH_PLANNING:000102030405060708090a0b0c0d0e0f101112131415161718191a1b1c1d1e1f
TRACE:AI_PATH_PLANNING:000102030405060708090a0b0c0d0e0f101112131415161718191a1b1c1d1e1f
TRACE:AI_PATH_PLANNING:000102030405060708090a0b0c0d0e0f101112131415161718191a1b1c1d1e1f
TRACE:AI_PATH_PLANNING:000102030405060708090a0b0c0d0e0f101112131415161718191a1b1c1d1e1f
TRACE:AI_PATH_PLANNING:000102030405060708090a0b0c0d0e0f101112131415161718191a1b1c1d1e1f
TRACE:AI_PATH_PLANNING:000102030405060708090a0b0c0d0e0f101112131415161718191a1b1c1d1e1f
TRACE:PHYSICS_MULTITHREADED:000102030405060708090a0b0c0d0e0f101112131415161718191a1b1c1d1e1f
TRACE:GPU_INSTANCING_USED:000102030405060708090a0b0c0d0e0f101112131415161718191a1b1c1d1e1f
TRACE:FRAME_TIME_CHECK:000102030405060708090a0b0c0d0e0f101112131415161718191a1b1c1d1e1f
TRACE:TARGET_FPS_MAINTAINED:000102030405060708090a0b0c0d0e0f101112131415161718191a1b1c1d1e1f
TRACE:FRAME_START:000102030405060708090a0b0c0d0e0f101112131415161718191a1b1c1d1e1f
TRACE:FRUSTUM_CULLING:000102030405060708090a0b0c0d0e0f101112131415161718191a1b1c1d1e1f
TRACE:LOD_SELECTION:000102030405060708090a0b0c0d0e0f101112131415161718191a1b1c1d1e1f
TRACE:RENDER_OPTIMIZED:000102030405060708090a0b0c0d0e0f101112131415161718191a1b1c1d1e1f
TRACE:PHYSICS_UPDATE_START:000102030405060708090a0b0c0d0e0f101112131415161718191a1b1c1d1e1f
TRACE:CALCULATE_LIFT_FORCE:000102030405060708090a0b0c0d0e0f101112131415161718191a1b1c1d1e1f
TRACE:APPLY_AERODYNAMICS:000102030405060708090a0b0c0d0e0f101112131415161718191a1b1c1d1e1f
TRACE:VELOCITY_CHANGED:000102030405060708090a0b0c0d0e0f101112131415161718191a1b1c1d1e1f
TRACE:POSITION_UPDATED:000102030405060708090a0b0c0d0e0f101112131415161718191a1b1c1d1e1f
TRACE:WEATHER_UPDATE:000102030405060708090a0b0c0d0e0f101112131415161718191a1b1c1d1e1f
TRACE:TIME_UPDATE:000102030405060708090a0b0c0d0e0f101112131415161718191a1b1c1d1e1f
TRACE:SUN_POSITION_CALCULATED:000102030405060708090a0b0c0d0e0f101112131415161718191a1b1c1d1e1f
TRACE:SHADOWS_UPDATED:000102030405060708090a0b0c0d0e0f101112131415161718191a1b1c1d1e1f
TRACE:AI_UPDATE_STAGGERED:000102030405060708090a0b0c0d0e0f101112131415161718191a1b1c1d1e1f
TRACE:AI_PATH_PLANNING:000102030405060708090a0b0c0d0e0f101112131415161718191a1b1c1d1e1f
TRACE:AI_PATH_PLANNING:000102030405060708090a0b0c0d0e0f101112131415161718191a1b1c1d1e1f
TRACE:AI_PATH_PLANNING:000102030405060708090a0b0c0d0e0f101112131415161718191a1b1c1d1e1f
TRACE:AI_PATH_PLANNING:000102030405060708090a0b0c0d0e0f101112131415161718191a1b1c1d1e1f
TRACE:AI_PATH_PLANNING:000102030405060708090a0b0c0d0e0f101112131415161718191a1b1c1d1e1f
TRACE:AI_REACT_TO_AIRCRAFT:000102030405060708090a0b0c0d0e0f101112131415161718191a1b1c1d1e1f
TRACE:AI_PATH_PLANNING:000102030405060708090a0b0c0d0e0f101112131415161718191a1b1c1d1e1f
TRACE:AI_PATH_PLANNING:000102030405060708090a0b0c0d0e0f101112131415161718191a1b1c1d1e1f
TRACE:AI_PATH_PLANNING:000102030405060708090a0b0c0d0e0f101112131415161718191a1b1c1d1e1f
TRACE:AI_PATH_PLANNING:000102030405060708090a0b0c0d0e0f101112131415161718191a1b1c1d1e1f
TRACE:AI_PATH_PLANNING:000102030405060708090a0b0c0d0e0f101112131415161718191a1b1c1d1e1f
TRACE:AI_PATH_PLANNING:000102030405060708090a0b0c0d0e0f101112131415161718191a1b1c1d1e1f
TRACE:AI_PATH_PLANNING:000102030405060708090a0b0c0d0e0f101112131415161718191a1b1c1d1e1f
TRACE:AI_PATH_PLANNING:000102030405060708090a0b0c0d0e0f101112131415161718191a1b1c1d1e1f
TRACE:AI_PATH_PLANNING:000102030405060708090a0b0c0d0e0f101112131415161718191a1b1c1d1e1f
TRACE:AI_PATH_PLANNING:000102030405060708090a0b0c0d0e0f101112131415161718191a1b1c1d1e1f
TRACE:AI_PATH_PLANNING:000102030405060708090a0b0c0d0e0f101112131415161718191a1b1c1d1e1f
TRACE:AI_PATH_PLANNING:000102030405060708090a0b0c0d0e0f101112131415161718191a1b1c1d1e1f
TRACE:AI_PATH_PLANNING:000102030405060708090a0b0c0d0e0f101112131415161718191a1b1c1d1e1f
TRACE:AI_PATH_PLANNING:000102030405060708090a0b0c0d0e0f101112131415161718191a1b1c1d1e1f
TRACE:AI_REACT_TO_AIRCRAFT:000102030405060708090a0b0c0d0e0f101112131415161718191a1b1c1d1e1f
TRACE:AI_PATH_PLANNING:000102030405060708090a0b0c0d0e0f101112131415161718191a1b1c1d1e1f
TRACE:AI_PATH_PLANNING:000102030405060708090a0b0c0d0e0f101112131415161718191a1b1c1d1e1f
TRACE:AI_PATH_PLANNING:000102030405060708090a0b0c0d0e0f101112131415161718191a1b1c1d1e1f
TRACE:AI_PATH_PLANNING:000102030405060708090a0b0c0d0e0f101112131415161718191a1b1c1d1e1f
TRACE:AI_PATH_PLANNING:000102030405060708090a0b0c0d0e0f101112131415161718191a1b1c1d1e1f
TRACE:AI_PATH_PLANNING:000102030405060708090a0b0c0d0e0f101112131415161718191a1b1c1d1e1f
TRACE:PHYSICS_MULTITHREADED:000102030405060708090a0b0c0d0e0f101112131415161718191a1b1c1d1e1f
TRACE:GPU_INSTANCING_USED:000102030405060708090a0b0c0d0e0f101112131415161718191a1b1c1d1e1f
TRACE:FRAME_TIME_CHECK:000102030405060708090a0b0c0d0e0f101112131415161718191a1b1c1d1e1f
TRACE:TARGET_FPS_MAINTAINED:000102030405060708090a0b0c0d0e0f101112131415161718191a1b1c1d1e1f
TRACE:FRAME_START:000102030405060708090a0b0c0d0e0f101112131415161718191a1b1c1d1e1f
TRACE:FRUSTUM_CULLING:000102030405060708090a0b0c0d0e0f101112131415161718191a1b1c1d1e1f
TRACE:LOD_SELECTION:000102030405060708090a0b0c0d0e0f101112131415161718191a1b1c1d1e1f
TRACE:RENDER_OPTIMIZED:000102030405060708090a0b0c0d0e0f101112131415161718191a1b1c1d1e1f
TRACE:PHYSICS_UPDATE_START:000102030405060708090a0b0c0d0e0f101112131415161718191a1b1c1d1e1f
TRACE:CALCULATE_LIFT_FORCE:000102030405060708090a0b0c0d0e0f101112131415161718191a1b1c1d1e1f
TRACE:APPLY_AERODYNAMICS:000102030405060708090a0b0c0d0e0f101112131415161718191a1b1c1d1e1f
TRACE:VELOCITY_CHANGED:000102030405060708090a0b0c0d0e0f101112131415161718191a1b1c1d1e1f
TRACE:POSITION_UPDATED:000102030405060708090a0b0c0d0e0f101112131415161718191a1b1c1d1e1f
TRACE:WEATHER_UPDATE:000102030405060708090a0b0c0d0e0f101112131415161718191a1b1c1d1e1f
TRACE:TIME_UPDATE:000102030405060708090a0b0c0d0e0f101112131415161718191a1b1c1d1e1f
TRACE:SUN_POSITION_CALCULATED:000102030405060708090a0b0c0d0e0f101112131415161718191a1b1c1d1e1f
TRACE:SHADOWS_UPDATED:000102030405060708090a0b0c0d0e0f101112131415161718191a1b1c1d1e1f
TRACE:AI_UPDATE_STAGGERED:000102030405060708090a0b0c0d0e0f101112131415161718191a1b1c1d1e1f
TRACE:AI_PATH_PLANNING:000102030405060708090a0b0c0d0e0f101112131415161718191a1b1c1d1e1f
TRACE:AI_PATH_PLANNING:000102030405060708090a0b0c0d0e0f101112131415161718191a1b1c1d1e1f
TRACE:AI_PATH_PLANNING:000102030405060708090a0b0c0d0e0f101112131415161718191a1b1c1d1e1f
TRACE:AI_PATH_PLANNING:000102030405060708090a0b0c0d0e0f101112131415161718191a1b1c1d1e1f
TRACE:AI_PATH_PLANNING:000102030405060708090a0b0c0d0e0f101112131415161718191a1b1c1d1e1f
TRACE:AI_PATH_PLANNING:000102030405060708090a0b0c0d0e0f101112131415161718191a1b1c1d1e1f
TRACE:AI_PATH_PLANNING:000102030405060708090a0b0c0d0e0f101112131415161718191a1b1c1d1e1f
TRACE:AI_PATH_PLANNING:000102030405060708090a0b0c0d0e0f101112131415161718191a1b1c1d1e1f
TRACE:AI_PATH_PLANNING:000102030405060708090a0b0c0d0e0f101112131415161718191a1b1c1d1e1f
TRACE:AI_PATH_PLANNING:000102030405060708090a0b0c0d0e0f101112131415161718191a1b1c1d1e1f
TRACE:AI_PATH_PLANNING:000102030405060708090a0b0c0d0e0f101112131415161718191a1b1c1d1e1f
TRACE:AI_PATH_PLANNING:000102030405060708090a0b0c0d0e0f101112131415161718191a1b1c1d1e1f
TRACE:AI_PATH_PLANNING:000102030405060708090a0b0c0d0e0f101112131415161718191a1b1c1d1e1f
TRACE:AI_PATH_PLANNING:000102030405060708090a0b0c0d0e0f101112131415161718191a1b1c1d1e1f
TRACE:AI_PATH_PLANNING:000102030405060708090a0b0c0d0e0f101112131415161718191a1b1c1d1e1f
TRACE:AI_PATH_PLANNING:000102030405060708090a0b0c0d0e0f101112131415161718191a1b1c1d1e1f
TRACE:AI_PATH_PLANNING:000102030405060708090a0b0c0d0e0f101112131415161718191a1b1c1d1e1f
TRACE:AI_PATH_PLANNING:000102030405060708090a0b0c0d0e0f101112131415161718191a1b1c1d1e1f
TRACE:AI_PATH_PLANNING:000102030405060708090a0b0c0d0e0f101112131415161718191a1b1c1d1e1f
TRACE:AI_PATH_PLANNING:000102030405060708090a0b0c0d0e0f101112131415161718191a1b1c1d1e1f
TRACE:AI_PATH_PLANNING:000102030405060708090a0b0c0d0e0f101112131415161718191a1b1c1d1e1f
TRACE:AI_REACT_TO_AIRCRAFT:000102030405060708090a0b0c0d0e0f101112131415161718191a1b1c1d1e1f
TRACE:AI_PATH_PLANNING:000102030405060708090a0b0c0d0e0f101112131415161718191a1b1c1d1e1f
TRACE:AI_PATH_PLANNING:000102030405060708090a0b0c0d0e0f101112131415161718191a1b1c1d1e1f
TRACE:AI_PATH_PLANNING:000102030405060708090a0b0c0d0e0f101112131415161718191a1b1c1d1e1f
TRACE:AI_PATH_PLANNING:000102030405060708090a0b0c0d0e0f101112131415161718191a1b1c1d1e1f
TRACE:PHYSICS_MULTITHREADED:000102030405060708090a0b0c0d0e0f101112131415161718191a1b1c1d1e1f
TRACE:GPU_INSTANCING_USED:000102030405060708090a0b0c0d0e0f101112131415161718191a1b1c1d1e1f
TRACE:FRAME_TIME_CHECK:000102030405060708090a0b0c0d0e0f101112131415161718191a1b1c1d1e1f
TRACE:TARGET_FPS_MAINTAINED:000102030405060708090a0b0c0d0e0f101112131415161718191a1b1c1d1e1f
TRACE:FRAME_START:000102030405060708090a0b0c0d0e0f101112131415161718191a1b1c1d1e1f
TRACE:FRUSTUM_CULLING:000102030405060708090a0b0c0d0e0f101112131415161718191a1b1c1d1e1f
TRACE:LOD_SELECTION:000102030405060708090a0b0c0d0e0f101112131415161718191a1b1c1d1e1f
TRACE:RENDER_OPTIMIZED:000102030405060708090a0b0c0d0e0f101112131415161718191a1b1c1d1e1f
TRACE:PHYSICS_UPDATE_START:000102030405060708090a0b0c0d0e0f101112131415161718191a1b1c1d1e1f
TRACE:CALCULATE_LIFT_FORCE:000102030405060708090a0b0c0d0e0f101112131415161718191a1b1c1d1e1f
TRACE:APPLY_AERODYNAMICS:000102030405060708090a0b0c0d0e0f101112131415161718191a1b1c1d1e1f
TRACE:VELOCITY_CHANGED:000102030405060708090a0b0c0d0e0f101112131415161718191a1b1c1d1e1f
TRACE:POSITION_UPDATED:000102030405060708090a0b0c0d0e0f101112131415161718191a1b1c1d1e1f
TRACE:WEATHER_UPDATE:000102030405060708090a0b0c0d0e0f101112131415161718191a1b1c1d1e1f
TRACE:TIME_UPDATE:000102030405060708090a0b0c0d0e0f101112131415161718191a1b1c1d1e1f
TRACE:SUN_POSITION_CALCULATED:000102030405060708090a0b0c0d0e0f101112131415161718191a1b1c1d1e1f
TRACE:SHADOWS_UPDATED:000102030405060708090a0b0c0d0e0f101112131415161718191a1b1c1d1e1f
TRACE:AI_UPDATE_STAGGERED:000102030405060708090a0b0c0d0e0f101112131415161718191a1b1c1d1e1f
TRACE:AI_PATH_PLANNING:000102030405060708090a0b0c0d0e0f101112131415161718191a1b1c1d1e1f
TRACE:AI_PATH_PLANNING:000102030405060708090a0b0c0d0e0f101112131415161718191a1b1c1d1e1f
TRACE:AI_PATH_PLANNING:000102030405060708090a0b0c0d0e0f101112131415161718191a1b1c1d1e1f
TRACE:AI_PATH_PLANNING:000102030405060708090a0b0c0d0e0f101112131415161718191a1b1c1d1e1f
TRACE:AI_PATH_PLANNING:000102030405060708090a0b0c0d0e0f101112131415161718191a1b1c1d1e1f
TRACE:AI_PATH_PLANNING:000102030405060708090a0b0c0d0e0f101112131415161718191a1b1c1d1e1f
TRACE:AI_REACT_TO_AIRCRAFT:000102030405060708090a0b0c0d0e0f101112131415161718191a1b1c1d1e1f
TRACE:AI_PATH_PLANNING:000102030405060708090a0b0c0d0e0f101112131415161718191a1b1c1d1e1f
TRACE:AI_PATH_PLANNING:000102030405060708090a0b0c0d0e0f101112131415161718191a1b1c1d1e1f
TRACE:AI_PATH_PLANNING:000102030405060708090a0b0c0d0e0f101112131415161718191a1b1c1d1e1f
TRACE:AI_REACT_TO_AIRCRAFT:000102030405060708090a0b0c0d0e0f101112131415161718191a1b1c1d1e1f
TRACE:AI_PATH_PLANNING:000102030405060708090a0b0c0d0e0f101112131415161718191a1b1c1d1e1f
TRACE:AI_PATH_PLANNING:000102030405060708090a0b0c0d0e0f101112131415161718191a1b1c1d1e1f
TRACE:AI_PATH_PLANNING:000102030405060708090a0b0c0d0e0f101112131415161718191a1b1c1d1e1f
TRACE:AI_PATH_PLANNING:000102030405060708090a0b0c0d0e0f101112131415161718191a1b1c1d1e1f
TRACE:AI_PATH_PLANNING:000102030405060708090a0b0c0d0e0f101112131415161718191a1b1c1d1e1f
TRACE:AI_PATH_PLANNING:000102030405060708090a0b0c0d0e0f101112131415161718191a1b1c1d1e1f
TRACE:AI_PATH_PLANNING:000102030405060708090a0b0c0d0e0f101112131415161718191a1b1c1d1e1f
TRACE:AI_REACT_TO_AIRCRAFT:000102030405060708090a0b0c0d0e0f101112131415161718191a1b1c1d1e1f
TRACE:AI_PATH_PLANNING:000102030405060708090a0b0c0d0e0f101112131415161718191a1b1c1d1e1f
TRACE:AI_PATH_PLANNING:000102030405060708090a0b0c0d0e0f101112131415161718191a1b1c1d1e1f
TRACE:AI_PATH_PLANNING:000102030405060708090a0b0c0d0e0f101112131415161718191a1b1c1d1e1f
TRACE:AI_PATH_PLANNING:000102030405060708090a0b0c0d0e0f101112131415161718191a1b1c1d1e1f
TRACE:AI_PATH_PLANNING:000102030405060708090a0b0c0d0e0f101112131415161718191a1b1c1d1e1f
TRACE:AI_PATH_PLANNING:000102030405060708090a0b0c0d0e0f101112131415161718191a1b1c1d1e1f
TRACE:AI_PATH_PLANNING:000102030405060708090a0b0c0d0e0f101112131415161718191a1b1c1d1e1f
TRACE:AI_PATH_PLANNING:000102030405060708090a0b0c0d0e0f101112131415161718191a1b1c1d1e1f
TRACE:AI_PATH_PLANNING:000102030405060708090a0b0c0d0e0f101112131415161718191a1b1c1d1e1f
TRACE:PHYSICS_MULTITHREADED:000102030405060708090a0b0c0d0e0f101112131415161718191a1b1c1d1e1f
TRACE:GPU_INSTANCING_USED:000102030405060708090a0b0c0d0e0f101112131415161718191a1b1c1d1e1f
TRACE:FRAME_TIME_CHECK:000102030405060708090a0b0c0d0e0f101112131415161718191a1b1c1d1e1f
TRACE:TARGET_FPS_MAINTAINED:000102030405060708090a0b0c0d0e0f101112131415161718191a1b1c1d1e1f
TRACE:FRAME_START:000102030405060708090a0b0c0d0e0f101112131415161718191a1b1c1d1e1f
TRACE:FRUSTUM_CULLING:000102030405060708090a0b0c0d0e0f101112131415161718191a1b1c1d1e1f
TRACE:LOD_SELECTION:000102030405060708090a0b0c0d0e0f101112131415161718191a1b1c1d1e1f
TRACE:RENDER_OPTIMIZED:000102030405060708090a0b0c0d0e0f101112131415161718191a1b1c1d1e1f
TRACE:PHYSICS_UPDATE_START:000102030405060708090a0b0c0d0e0f101112131415161718191a1b1c1d1e1f
TRACE:CALCULATE_LIFT_FORCE:000102030405060708090a0b0c0d0e0f101112131415161718191a1b1c1d1e1f
TRACE:APPLY_AERODYNAMICS:000102030405060708090a0b0c0d0e0f101112131415161718191a1b1c1d1e1f
TRACE:VELOCITY_CHANGED:000102030405060708090a0b0c0d0e0f101112131415161718191a1b1c1d1e1f
TRACE:POSITION_UPDATED:000102030405060708090a0b0c0d0e0f101112131415161718191a1b1c1d1e1f
TRACE:WEATHER_UPDATE:000102030405060708090a0b0c0d0e0f101112131415161718191a1b1c1d1e1f
TRACE:TIME_UPDATE:000102030405060708090a0b0c0d0e0f101112131415161718191a1b1c1d1e1f
TRACE:SUN_POSITION_CALCULATED:000102030405060708090a0b0c0d0e0f101112131415161718191a1b1c1d1e1f
TRACE:SHADOWS_UPDATED:000102030405060708090a0b0c0d0e0f101112131415161718191a1b1c1d1e1f
TRACE:AI_UPDATE_STAGGERED:000102030405060708090a0b0c0d0e0f101112131415161718191a1b1c1d1e1f
TRACE:AI_PATH_PLANNING:000102030405060708090a0b0c0d0e0f101112131415161718191a1b1c1d1e1f
TRACE:AI_PATH_PLANNING:000102030405060708090a0b0c0d0e0f101112131415161718191a1b1c1d1e1f
TRACE:AI_PATH_PLANNING:000102030405060708090a0b0c0d0e0f101112131415161718191a1b1c1d1e1f
TRACE:AI_PATH_PLANNING:000102030405060708090a0b0c0d0e0f101112131415161718191a1b1c1d1e1f
TRACE:AI_PATH_PLANNING:000102030405060708090a0b0c0d0e0f101112131415161718191a1b1c1d1e1f
TRACE:AI_PATH_PLANNING:000102030405060708090a0b0c0d0e0f101112131415161718191a1b1c1d1e1f
TRACE:AI_PATH_PLANNING:000102030405060708090a0b0c0d0e0f101112131415161718191a1b1c1d1e1f
TRACE:AI_PATH_PLANNING:000102030405060708090a0b0c0d0e0f101112131415161718191a1b1c1d1e1f
TRACE:AI_PATH_PLANNING:000102030405060708090a0b0c0d0e0f101112131415161718191a1b1c1d1e1f
TRACE:AI_PATH_PLANNING:000102030405060708090a0b0c0d0e0f101112131415161718191a1b1c1d1e1f
TRACE:AI_PATH_PLANNING:000102030405060708090a0b0c0d0e0f101112131415161718191a1b1c1d1e1f
TRACE:AI_PATH_PLANNING:000102030405060708090a0b0c0d0e0f101112131415161718191a1b1c1d1e1f
TRACE:AI_PATH_PLANNING:000102030405060708090a0b0c0d0e0f101112131415161718191a1b1c1d1e1f
TRACE:AI_PATH_PLANNING:000102030405060708090a0b0c0d0e0f101112131415161718191a1b1c1d1e1f
TRACE:AI_PATH_PLANNING:000102030405060708090a0b0c0d0e0f101112131415161718191a1b1c1d1e1f
TRACE:AI_PATH_PLANNING:000102030405060708090a0b0c0d0e0f101112131415161718191a1b1c1d1e1f
TRACE:AI_PATH_PLANNING:000102030405060708090a0b0c0d0e0f101112131415161718191a1b1c1d1e1f
TRACE:AI_PATH_PLANNING:000102030405060708090a0b0c0d0e0f101112131415161718191a1b1c1d1e1f
TRACE:AI_PATH_PLANNING:000102030405060708090a0b0c0d0e0f101112131415161718191a1b1c1d1e1f
TRACE:AI_PATH_PLANNING:000102030405060708090a0b0c0d0e0f101112131415161718191a1b1c1d1e1f
TRACE:AI_PATH_PLANNING:000102030405060708090a0b0c0d0e0f101112131415161718191a1b1c1d1e1f
TRACE:AI_PATH_PLANNING:000102030405060708090a0b0c0d0e0f101112131415161718191a1b1c1d1e1f
TRACE:AI_PATH_PLANNING:000102030405060708090a0b0c0d0e0f101112131415161718191a1b1c1d1e1f
TRACE:AI_PATH_PLANNING:000102030405060708090a0b0c0d0e0f101112131415161718191a1b1c1d1e1f
TRACE:AI_PATH_PLANNING:000102030405060708090a0b0c0d0e0f101112131415161718191a1b1c1d1e1f
TRACE:PHYSICS_MULTITHREADED:000102030405060708090a0b0c0d0e0f101112131415161718191a1b1c1d1e1f
TRACE:GPU_INSTANCING_USED:000102030405060708090a0b0c0d0e0f101112131415161718191a1b1c1d1e1f
TRACE:FRAME_TIME_CHECK:000102030405060708090a0b0c0d0e0f101112131415161718191a1b1c1d1e1f
TRACE:TARGET_FPS_MAINTAINED:000102030405060708090a0b0c0d0e0f101112131415161718191a1b1c1d1e1f
TRACE:FRAME_START:000102030405060708090a0b0c0d0e0f101112131415161718191a1b1c1d1e1f
TRACE:FRUSTUM_CULLING:000102030405060708090a0b0c0d0e0f101112131415161718191a1b1c1d1e1f
TRACE:LOD_SELECTION:000102030405060708090a0b0c0d0e0f101112131415161718191a1b1c1d1e1f
TRACE:RENDER_OPTIMIZED:000102030405060708090a0b0c0d0e0f101112131415161718191a1b1c1d1e1f
TRACE:PHYSICS_UPDATE_START:000102030405060708090a0b0c0d0e0f101112131415161718191a1b1c1d1e1f
TRACE:CALCULATE_LIFT_FORCE:000102030405060708090a0b0c0d0e0f101112131415161718191a1b1c1d1e1f
TRACE:APPLY_AERODYNAMICS:000102030405060708090a0b0c0d0e0f101112131415161718191a1b1c1d1e1f
TRACE:VELOCITY_CHANGED:000102030405060708090a0b0c0d0e0f101112131415161718191a1b1c1d1e1f
TRACE:POSITION_UPDATED:000102030405060708090a0b0c0d0e0f101112131415161718191a1b1c1d1e1f
TRACE:WEATHER_UPDATE:000102030405060708090a0b0c0d0e0f101112131415161718191a1b1c1d1e1f
TRACE:TIME_UPDATE:000102030405060708090a0b0c0d0e0f101112131415161718191a1b1c1d1e1f
TRACE:SUN_POSITION_CALCULATED:000102030405060708090a0b0c0d0e0f101112131415161718191a1b1c1d1e1f
TRACE:SHADOWS_UPDATED:000102030405060708090a0b0c0d0e0f101112131415161718191a1b1c1d1e1f
TRACE:AI_UPDATE_STAGGERED:000102030405060708090a0b0c0d0e0f101112131415161718191a1b1c1d1e1f
TRACE:AI_PATH_PLANNING:000102030405060708090a0b0c0d0e0f101112131415161718191a1b1c1d1e1f
TRACE:AI_PATH_PLANNING:000102030405060708090a0b0c0d0e0f101112131415161718191a1b1c1d1e1f
TRACE:AI_PATH_PLANNING:000102030405060708090a0b0c0d0e0f101112131415161718191a1b1c1d1e1f
TRACE:AI_PATH_PLANNING:000102030405060708090a0b0c0d0e0f101112131415161718191a1b1c1d1e1f
TRACE:AI_PATH_PLANNING:000102030405060708090a0b0c0d0e0f101112131415161718191a1b1c1d1e1f
TRACE:AI_REACT_TO_AIRCRAFT:000102030405060708090a0b0c0d0e0f101112131415161718191a1b1c1d1e1f
TRACE:AI_PATH_PLANNING:000102030405060708090a0b0c0d0e0f101112131415161718191a1b1c1d1e1f
TRACE:AI_PATH_PLANNING:000102030405060708090a0b0c0d0e0f101112131415161718191a1b1c1d1e1f
TRACE:AI_PATH_PLANNING:000102030405060708090a0b0c0d0e0f101112131415161718191a1b1c1d1e1f
TRACE:AI_PATH_PLANNING:000102030405060708090a0b0c0d0e0f101112131415161718191a1b1c1d1e1f
TRACE:AI_PATH_PLANNING:000102030405060708090a0b0c0d0e0f101112131415161718191a1b1c1d1e1f
TRACE:AI_PATH_PLANNING:000102030405060708090a0b0c0d0e0f101112131415161718191a1b1c1d1e1f
TRACE:AI_PATH_PLANNING:000102030405060708090a0b0c0d0e0f101112131415161718191a1b1c1d1e1f
TRACE:AI_PATH_PLANNING:000102030405060708090a0b0c0d0e0f101112131415161718191a1b1c1d1e1f
TRACE:AI_PATH_PLANNING:000102030405060708090a0b0c0d0e0f101112131415161718191a1b1c1d1e1f
TRACE:AI_PATH_PLANNING:000102030405060708090a0b0c0d0e0f101112131415161718191a1b1c1d1e1f
TRACE:AI_PATH_PLANNING:000102030405060708090a0b0c0d0e0f101112131415161718191a1b1c1d1e1f
TRACE:AI_PATH_PLANNING:000102030405060708090a0b0c0d0e0f101112131415161718191a1b1c1d1e1f
TRACE:AI_PATH_PLANNING:000102030405060708090a0b0c0d0e0f101112131415161718191a1b1c1d1e1f
TRACE:AI_PATH_PLANNING:000102030405060708090a0b0c0d0e0f101112131415161718191a1b1c1d1e1f
TRACE:AI_REACT_TO_AIRCRAFT:000102030405060708090a0b0c0d0e0f101112131415161718191a1b1c1d1e1f
TRACE:AI_PATH_PLANNING:000102030405060708090a0b0c0d0e0f101112131415161718191a1b1c1d1e1f
TRACE:AI_PATH_PLANNING:000102030405060708090a0b0c0d0e0f101112131415161718191a1b1c1d1e1f
TRACE:AI_PATH_PLANNING:000102030405060708090a0b0c0d0e0f101112131415161718191a1b1c1d1e1f
TRACE:AI_PATH_PLANNING:000102030405060708090a0b0c0d0e0f101112131415161718191a1b1c1d1e1f
TRACE:AI_PATH_PLANNING:000102030405060708090a0b0c0d0e0f101112131415161718191a1b1c1d1e1f
TRACE:AI_PATH_PLANNING:000102030405060708090a0b0c0d0e0f101112131415161718191a1b1c1d1e1f
TRACE:PHYSICS_MULTITHREADED:000102030405060708090a0b0c0d0e0f101112131415161718191a1b1c1d1e1f
TRACE:GPU_INSTANCING_USED:000102030405060708090a0b0c0d0e0f101112131415161718191a1b1c1d1e1f
TRACE:FRAME_TIME_CHECK:000102030405060708090a0b0c0d0e0f101112131415161718191a1b1c1d1e1f
TRACE:TARGET_FPS_MAINTAINED:000102030405060708090a0b0c0d0e0f101112131415161718191a1b1c1d1e1f
TRACE:FRAME_START:000102030405060708090a0b0c0d0e0f101112131415161718191a1b1c1d1e1f
TRACE:FRUSTUM_CULLING:000102030405060708090a0b0c0d0e0f101112131415161718191a1b1c1d1e1f
TRACE:LOD_SELECTION:000102030405060708090a0b0c0d0e0f101112131415161718191a1b1c1d1e1f
TRACE:RENDER_OPTIMIZED:000102030405060708090a0b0c0d0e0f101112131415161718191a1b1c1d1e1f
TRACE:PHYSICS_UPDATE_START:000102030405060708090a0b0c0d0e0f101112131415161718191a1b1c1d1e1f
TRACE:CALCULATE_LIFT_FORCE:000102030405060708090a0b0c0d0e0f101112131415161718191a1b1c1d1e1f
TRACE:APPLY_AERODYNAMICS:000102030405060708090a0b0c0d0e0f101112131415161718191a1b1c1d1e1f
TRACE:VELOCITY_CHANGED:000102030405060708090a0b0c0d0e0f101112131415161718191a1b1c1d1e1f
TRACE:POSITION_UPDATED:000102030405060708090a0b0c0d0e0f101112131415161718191a1b1c1d1e1f
TRACE:WEATHER_UPDATE:000102030405060708090a0b0c0d0e0f101112131415161718191a1b1c1d1e1f
TRACE:TIME_UPDATE:000102030405060708090a0b0c0d0e0f101112131415161718191a1b1c1d1e1f
TRACE:SUN_POSITION_CALCULATED:000102030405060708090a0b0c0d0e0f101112131415161718191a1b1c1d1e1f
TRACE:SHADOWS_UPDATED:000102030405060708090a0b0c0d0e0f101112131415161718191a1b1c1d1e1f
TRACE:AI_UPDATE_STAGGERED:000102030405060708090a0b0c0d0e0f101112131415161718191a1b1c1d1e1f
TRACE:AI_PATH_PLANNING:000102030405060708090a0b0c0d0e0f101112131415161718191a1b1c1d1e1f
TRACE:AI_PATH_PLANNING:000102030405060708090a0b0c0d0e0f101112131415161718191a1b1c1d1e1f
TRACE:AI_PATH_PLANNING:000102030405060708090a0b0c0d0e0f101112131415161718191a1b1c1d1e1f
TRACE:AI_PATH_PLANNING:000102030405060708090a0b0c0d0e0f101112131415161718191a1b1c1d1e1f
TRACE:AI_PATH_PLANNING:000102030405060708090a0b0c0d0e0f101112131415161718191a1b1c1d1e1f
TRACE:AI_PATH_PLANNING:000102030405060708090a0b0c0d0e0f101112131415161718191a1b1c1d1e1f
TRACE:AI_PATH_PLANNING:000102030405060708090a0b0c0d0e0f101112131415161718191a1b1c1d1e1f
TRACE:AI_PATH_PLANNING:000102030405060708090a0b0c0d0e0f101112131415161718191a1b1c1d1e1f
TRACE:AI_PATH_PLANNING:000102030405060708090a0b0c0d0e0f101112131415161718191a1b1c1d1e1f
TRACE:AI_PATH_PLANNING:000102030405060708090a0b0c0d0e0f101112131415161718191a1b1c1d1e1f
TRACE:AI_PATH_PLANNING:000102030405060708090a0b0c0d0e0f101112131415161718191a1b1c1d1e1f
TRACE:AI_PATH_PLANNING:000102030405060708090a0b0c0d0e0f101112131415161718191a1b1c1d1e1f
TRACE:AI_PATH_PLANNING:000102030405060708090a0b0c0d0e0f101112131415161718191a1b1c1d1e1f
TRACE:AI_PATH_PLANNING:000102030405060708090a0b0c0d0e0f101112131415161718191a1b1c1d1e1f
TRACE:AI_PATH_PLANNING:000102030405060708090a0b0c0d0e0f101112131415161718191a1b1c1d1e1f
TRACE:AI_PATH_PLANNING:000102030405060708090a0b0c0d0e0f101112131415161718191a1b1c1d1e1f
TRACE:AI_PATH_PLANNING:000102030405060708090a0b0c0d0e0f101112131415161718191a1b1c1d1e1f
TRACE:AI_PATH_PLANNING:000102030405060708090a0b0c0d0e0f101112131415161718191a1b1c1d1e1f
TRACE:AI_PATH_PLANNING:000102030405060708090a0b0c0d0e0f101112131415161718191a1b1c1d1e1f
TRACE:AI_PATH_PLANNING:000102030405060708090a0b0c0d0e0f101112131415161718191a1b1c1d1e1f
TRACE:AI_PATH_PLANNING:000102030405060708090a0b0c0d0e0f101112131415161718191a1b1c1d1e1f
TRACE:AI_REACT_TO_AIRCRAFT:000102030405060708090a0b0c0d0e0f101112131415161718191a1b1c1d1e1f
TRACE:AI_PATH_PLANNING:000102030405060708090a0b0c0d0e0f101112131415161718191a1b1c1d1e1f
TRACE:AI_PATH_PLANNING:000102030405060708090a0b0c0d0e0f101112131415161718191a1b1c1d1e1f
TRACE:AI_PATH_PLANNING:000102030405060708090a0b0c0d0e0f101112131415161718191a1b1c1d1e1f
TRACE:AI_PATH_PLANNING:000102030405060708090a0b0c0d0e0f101112131415161718191a1b1c1d1e1f
TRACE:PHYSICS_MULTITHREADED:000102030405060708090a0b0c0d0e0f101112131415161718191a1b1c1d1e1f
TRACE:GPU_INSTANCING_USED:000102030405060708090a0b0c0d0e0f101112131415161718191a1b1c1d1e1f
TRACE:FRAME_TIME_CHECK:000102030405060708090a0b0c0d0e0f101112131415161718191a1b1c1d1e1f
TRACE:TARGET_FPS_MAINTAINED:000102030405060708090a0b0c0d0e0f101112131415161718191a1b1c1d1e1f

Simulation running with all specifications enforced!
